******************************************************************************
       MSP430 Evaluation Linker PC v3.3.3                      
******************************************************************************
>> Linked Sun Oct 07 18:53:21 2012

OUTPUT FILE NAME:   <eZ430-RF2500_WSM.out>
ENTRY POINT SYMBOL: "_c_int00"  address: 0000bbe8


MEMORY CONFIGURATION

         name            origin    length      used     unused   attr    fill
----------------------  --------  ---------  --------  --------  ----  --------
  SFR                   00000000   00000010  00000000  00000010  RWIX
  PERIPHERALS_8BIT      00000010   000000f0  00000000  000000f0  RWIX
  PERIPHERALS_16BIT     00000100   00000100  00000000  00000100  RWIX
  RAM                   00000200   00000400  000001de  00000222  RWIX
  INFOD                 00001000   00000040  00000000  00000040  RWIX
  INFOC                 00001040   00000040  00000000  00000040  RWIX
  INFOB                 00001080   00000040  00000000  00000040  RWIX
  INFOA                 000010c0   00000040  00000000  00000040  RWIX
  FLASH                 00008000   00007fde  0000431d  00003cc1  RWIX
  INT00                 0000ffe0   00000002  00000000  00000002  RWIX
  INT01                 0000ffe2   00000002  00000000  00000002  RWIX
  INT02                 0000ffe4   00000002  00000002  00000000  RWIX
  INT03                 0000ffe6   00000002  00000002  00000000  RWIX
  INT04                 0000ffe8   00000002  00000000  00000002  RWIX
  INT05                 0000ffea   00000002  00000002  00000000  RWIX
  INT06                 0000ffec   00000002  00000000  00000002  RWIX
  INT07                 0000ffee   00000002  00000002  00000000  RWIX
  INT08                 0000fff0   00000002  00000000  00000002  RWIX
  INT09                 0000fff2   00000002  00000002  00000000  RWIX
  INT10                 0000fff4   00000002  00000000  00000002  RWIX
  INT11                 0000fff6   00000002  00000000  00000002  RWIX
  INT12                 0000fff8   00000002  00000000  00000002  RWIX
  INT13                 0000fffa   00000002  00000000  00000002  RWIX
  INT14                 0000fffc   00000002  00000000  00000002  RWIX
  RESET                 0000fffe   00000002  00000002  00000000  RWIX


SECTION ALLOCATION MAP

 output                                  attributes/
section   page    origin      length       input sections
--------  ----  ----------  ----------   ----------------
.pinit     0    00008000    00000000     UNINITIALIZED

.bss       0    00000200    0000018e     UNINITIALIZED
                  00000200    000000d0     nwk_QMgmt.obj (.bss)
                  000002d0    00000032     main_TOT.obj (.bss)
                  00000302    0000002d     nwk.obj (.bss)
                  0000032f    00000001     bsp.obj (.bss)
                  00000330    00000026     mrfi.obj (.bss)
                  00000356    0000000b     nwk_join.obj (.bss)
                  00000361    00000001     nwk_api.obj (.bss)
                  00000362    0000000a     nwk_link.obj (.bss)
                  0000036c    00000009     nwk_globals.obj (.bss)
                  00000375    00000001     nwk_ping.obj (.bss)
                  00000376    00000008     nwk_frame.obj (.bss)
                  0000037e    00000005     nwk_mgmt.obj (.bss)
                  00000383    00000001     --HOLE--
                  00000384    00000004     rts430.lib : _lock.obj (.bss)
                  00000388    00000004                : boot.obj (.bss)
                  0000038c    00000002     nwk_freq.obj (.bss)

.stack     0    000005b0    00000050     UNINITIALIZED
                  000005b0    00000002     rts430.lib : boot.obj (.stack)
                  000005b2    0000004e     --HOLE--

.text      0    00008000    00004172     
                  00008000    000004b6     main_TOT.obj (.text:main)
                  000084b6    000002f8     virtual_com_cmds_TOT.obj (.text:transmitDataString)
                  000087ae    00000204     nwk_link.obj (.text:smpl_send_link_reply)
                  000089b2    00000200     mrfi.obj (.text:MRFI_Init)
                  00008bb2    000001e2     nwk_QMgmt.obj (.text:nwk_QfindOldest)
                  00008d94    000001b8     nwk_api.obj (.text:SMPL_Ioctl)
                  00008f4c    000001a4     nwk_frame.obj (.text:dispatchFrame)
                  000090f0    0000017a     nwk_api.obj (.text:SMPL_SendOpt)
                  0000926a    00000152     main_TOT.obj (.text:fromRadio)
                  000093bc    0000014c     main_TOT.obj (.text:USCI0RX_ISR)
                  00009508    0000014a     nwk.obj (.text:nwk_allocateLocalRxPort)
                  00009652    00000148     nwk_freq.obj (.text:nwk_scanForChannels)
                  0000979a    0000013c     nwk_join.obj (.text:smpl_send_join_reply)
                  000098d6    0000011e     mrfi.obj (.text:MRFI_Transmit)
                  000099f4    00000114     nwk_link.obj (.text:nwk_unlink)
                  00009b08    000000fc     nwk_frame.obj (.text:nwk_retrieveFrame)
                  00009c04    000000ea     mrfi.obj (.text:Mrfi_SyncPinRxIsr)
                  00009cee    000000e8     nwk_frame.obj (.text:nwk_buildFrame)
                  00009dd6    000000e0     nwk_QMgmt.obj (.text:nwk_QfindSlot)
                  00009eb6    000000de     nwk_ioctl.obj (.text:nwk_radioControl)
                  00009f94    000000ce     nwk.obj (.text:nwk_isConnectionValid)
                  0000a062    000000c0     nwk_frame.obj (.text:isDupSandFFrame)
                  0000a122    000000b6     nwk_api.obj (.text:SMPL_Commission)
                  0000a1d8    000000b6     nwk_mgmt.obj (.text:send_poll_reply)
                  0000a28e    000000b0     nwk_frame.obj (.text:nwk_SendEmptyPollRspFrame)
                  0000a33e    000000ac     nwk_frame.obj (.text:nwk_sendAckReply)
                  0000a3ea    000000ac     mrfi.obj (.text:spiBurstFifoAccess)
                  0000a496    0000009a     nwk_frame.obj (.text:nwk_getSandFFrame)
                  0000a530    00000090     main_TOT.obj (.text:uart2radio)
                  0000a5c0    00000088     nwk.obj (.text:nwk_saveJoinedDevice)
                  0000a648    00000086     nwk.obj (.text:nwk_nwkInit)
                  0000a6ce    00000084     nwk_link.obj (.text:smpl_send_unlink_reply)
                  0000a752    00000072     nwk_ioctl.obj (.text:nwk_rawSend)
                  0000a7c4    00000070     mrfi.obj (.text:MRFI_RxAddrIsFiltered)
                  0000a834    00000070     nwk_freq.obj (.text:broadcast_channel_change)
                  0000a8a4    00000070     nwk_freq.obj (.text:nwk_freqControl)
                  0000a914    0000006a     nwk.obj (.text:nwk_putNumObjectIntoMsg)
                  0000a97e    00000068     nwk_freq.obj (.text:send_ping_reply)
                  0000a9e6    00000064     nwk_api.obj (.text:SMPL_Receive)
                  0000aa4a    00000062     nwk_mgmt.obj (.text:nwk_processMgmt)
                  0000aaac    00000060     nwk.obj (.text:nwk_findAlreadyJoined)
                  0000ab0c    0000005e     nwk.obj (.text:nwk_findPeer)
                  0000ab6a    0000005e     nwk.obj (.text:nwk_isLinkDuplicate)
                  0000abc8    0000005e     mrfi.obj (.text:spiRegAccess)
                  0000ac26    0000005c     nwk.obj (.text:initializeConnection)
                  0000ac82    0000005c     mrfi.obj (.text:mrfiSpiCmdStrobe)
                  0000acde    0000005c     nwk_QMgmt.obj (.text:nwk_QadjustOrder)
                  0000ad3a    0000005a     nwk.obj (.text:nwk_isValidReply)
                  0000ad94    00000058     rts430.lib : div32u.obj (.text)
                  0000adec    00000056     nwk_link.obj (.text:handleLinkRequest)
                  0000ae42    00000056     nwk_frame.obj (.text:nwk_buildAckReqFrame)
                  0000ae98    00000056     nwk_join.obj (.text:nwk_processJoin)
                  0000aeee    00000056     nwk_ping.obj (.text:smpl_send_ping_reply)
                  0000af44    00000054     mrfi.obj (.text:MRFI_WakeUp)
                  0000af98    00000054     nwk.obj (.text:nwk_getNextConnection)
                  0000afec    00000054     nwk_join.obj (.text:nwk_isSandFClient)
                  0000b040    00000054     nwk_freq.obj (.text:nwk_processFreq)
                  0000b094    00000050     nwk.obj (.text:nwk_checkAppMsgTID)
                  0000b0e4    00000050     nwk.obj (.text:nwk_getNumObjectFromMsg)
                  0000b134    0000004e     nwk.obj (.text:map_lid2idx)
                  0000b182    0000004c     mrfi.obj (.text:MRFI_Rssi)
                  0000b1ce    0000004c     mrfi.obj (.text:Mrfi_CalculateRssi)
                  0000b21a    0000004c     main_TOT.obj (.text:cmd_check)
                  0000b266    0000004c     nwk_ioctl.obj (.text:nwk_deviceAddress)
                  0000b2b2    0000004c     rts430.lib : lsr16.obj (.text)
                  0000b2fe    0000004a     mrfi.obj (.text:MRFI_ReplyDelay)
                  0000b348    0000004a     nwk_frame.obj (.text:nwk_replayFrame)
                  0000b392    00000048     nwk_api.obj (.text:SMPL_Init)
                  0000b3da    00000048     nwk_link.obj (.text:nwk_processLink)
                  0000b422    00000048     nwk_ping.obj (.text:nwk_processPing)
                  0000b46a    00000048     nwk_frame.obj (.text:nwk_sendFrame)
                  0000b4b2    00000046     mrfi.obj (.text:Mrfi_DelayUsecSem)
                  0000b4f8    00000046     main_TOT.obj (.text:Port_1)
                  0000b53e    00000046     virtual_com_cmds_TOT.obj (.text:UART_write)
                  0000b584    00000046     rts430.lib : autoinit.obj (.text:_auto_init)
                  0000b5ca    00000044     nwk_ioctl.obj (.text:nwk_connectionControl)
                  0000b60e    00000042     nwk.obj (.text:nwk_checkConnInfo)
                  0000b650    00000042     nwk.obj (.text:nwk_getConnInfo)
                  0000b692    00000042     nwk_join.obj (.text:nwk_joinInit)
                  0000b6d4    00000040     mrfi.obj (.text:Mrfi_DelayUsec)
                  0000b714    00000040     rts430.lib : div32s.obj (.text)
                  0000b754    0000003e     virtual_com_cmds_TOT.obj (.text:serial_log)
                  0000b792    0000003c     nwk_ioctl.obj (.text:nwk_rawReceive)
                  0000b7ce    0000003a     main_TOT.obj (.text:toRadio)
                  0000b808    00000036     mrfi.obj (.text:MRFI_SetRFPwr)
                  0000b83e    00000034     mrfi.obj (.text:MRFI_SetLogicalChannel)
                  0000b872    00000034     mrfi.obj (.text:mrfiSpiInit)
                  0000b8a6    00000032     main_TOT.obj (.text:linkFrom)
                  0000b8d8    00000032     main_TOT.obj (.text:linkTo)
                  0000b90a    00000032     nwk_link.obj (.text:nwk_linkInit)
                  0000b93c    00000030     bsp.obj (.text:BSP_Init)
                  0000b96c    0000002e     nwk_join.obj (.text:handleJoinRequest)
                  0000b99a    0000002e     nwk_frame.obj (.text:nwk_frameInit)
                  0000b9c8    0000002c     mrfi.obj (.text:Mrfi_RandomBackoffDelay)
                  0000b9f4    0000002c     mrfi.obj (.text:Mrfi_RxModeOff)
                  0000ba20    0000002c     mrfi.obj (.text:mrfiSpiWriteReg)
                  0000ba4c    0000002c     nwk_globals.obj (.text:nwk_setMyAddress)
                  0000ba78    0000002c     rts430.lib : div16s.obj (.text)
                  0000baa4    0000002a     bsp.obj (.text:BSP_InitBoard)
                  0000bace    0000002a     nwk_api.obj (.text:ioctlPreInitAccessIsOK)
                  0000baf8    0000002a     nwk_freq.obj (.text:nwk_setChannel)
                  0000bb22    00000028     bsp.obj (.text:BSP_Delay)
                  0000bb4a    00000028     virtual_com_cmds_TOT.obj (.text:COM_Init)
                  0000bb72    00000028     nwk_freq.obj (.text:handle_freq_cmd)
                  0000bb9a    00000028     nwk_globals.obj (.text:nwk_getAPAddress)
                  0000bbc2    00000026     mrfi.obj (.text:MRFI_Sleep)
                  0000bbe8    00000026     rts430.lib : boot.obj (.text:_c_int00_noexit)
                  0000bc0e    00000026     mrfi.obj (.text:mrfiSpiReadReg)
                  0000bc34    00000026     nwk_globals.obj (.text:nwk_globalsInit)
                  0000bc5a    00000026     rts430.lib : mult32.obj (.text)
                  0000bc80    00000024     nwk_frame.obj (.text:MRFI_RxCompleteISR)
                  0000bca4    00000024     nwk_api.obj (.text:SMPL_Send)
                  0000bcc8    00000024     rts430.lib : memcmp.obj (.text:memcmp)
                  0000bcec    00000024     nwk_join.obj (.text:nwk_setJoinToken)
                  0000bd10    00000024     nwk_link.obj (.text:nwk_setLinkToken)
                  0000bd34    00000022     mrfi.obj (.text:MRFI_DelayMs)
                  0000bd56    00000020     mrfi.obj (.text:MRFI_RxOn)
                  0000bd76    00000020     rts430.lib : memmov.obj (.text:memmove)
                  0000bd96    00000020     main_TOT.obj (.text:toggleLED)
                  0000bdb6    0000001e     mrfi.obj (.text:MRFI_RxIdle)
                  0000bdd4    0000001e     mrfi.obj (.text:mrfiSpiWriteTxFifo)
                  0000bdf2    0000001e     nwk_QMgmt.obj (.text:nwk_QInit)
                  0000be10    0000001e     nwk_ioctl.obj (.text:nwk_joinContext)
                  0000be2e    0000001c     mrfi.obj (.text:MRFI_GpioIsr)
                  0000be4a    0000001c     nwk_ping.obj (.text:handlePingRequest)
                  0000be66    0000001c     mrfi.obj (.text:mrfiSpiReadRxFifo)
                  0000be82    0000001c     nwk_join.obj (.text:nwk_getJoinToken)
                  0000be9e    0000001c     nwk_link.obj (.text:nwk_getLinkToken)
                  0000beba    0000001c     main_TOT.obj (.text:reset)
                  0000bed6    0000001c     nwk_mgmt.obj (.text:smpl_send_mgmt_reply)
                  0000bef2    0000001a     mrfi.obj (.text:BSP_GpioPort1Isr)
                  0000bf0c    0000001a     nwk_QMgmt.obj (.text:nwk_getQ)
                  0000bf26    0000001a     nwk_join.obj (.text:nwk_setJoinContext)
                  0000bf40    00000018     nwk_mgmt.obj (.text:nwk_mgmtInit)
                  0000bf58    00000018     main_TOT.obj (.text:sCB)
                  0000bf70    00000016     mrfi.obj (.text:MRFI_RandomByte)
                  0000bf86    00000016     mrfi.obj (.text:MRFI_Receive)
                  0000bf9c    00000016     mrfi.obj (.text:Mrfi_RxModeOn)
                  0000bfb2    00000016     nwk_freq.obj (.text:nwk_freqInit)
                  0000bfc8    00000016     rts430.lib : div16u.obj (.text)
                  0000bfde    00000014     virtual_com_cmds_TOT.obj (.text:UART_putChar)
                  0000bff2    00000014     rts430.lib : memset.obj (.text:memset)
                  0000c006    00000014                : mult16.obj (.text)
                  0000c01a    00000012     bsp.obj (.text:BSP_InitLeds)
                  0000c02c    00000012     rts430.lib : memcpy.obj (.text:memcpy)
                  0000c03e    00000012     nwk_globals.obj (.text:nwk_getMyAddress)
                  0000c050    00000012     rts430.lib : strlen.obj (.text:strlen)
                  0000c062    00000010                : asr32.obj (.text:l_asr)
                  0000c072    00000010     nwk.obj (.text:nwk_NVObj)
                  0000c082    00000010     nwk_freq.obj (.text:nwk_getChannel)
                  0000c092    00000010     nwk_mgmt.obj (.text:nwk_resetSFMarker)
                  0000c0a2    00000010     rts430.lib : epilog.obj (.text)
                  0000c0b2    00000010     main_TOT.obj (.text:setAP)
                  0000c0c2    00000010     main_TOT.obj (.text:setED)
                  0000c0d2    0000000e     nwk_api.obj (.text:SMPL_Unlink)
                  0000c0e0    0000000e     nwk.obj (.text:nwk_freeConnection)
                  0000c0ee    0000000c     mrfi.obj (.text:MRFI_PostKillSem)
                  0000c0fa    0000000c     nwk_security.obj (.text:nwk_processSecurity)
                  0000c106    0000000a     bsp.obj (.text:BSP_InitButtons)
                  0000c110    0000000a     bsp.obj (.text:BSP_InitDrivers)
                  0000c11a    0000000a     bsp.obj (.text:_system_pre_init)
                  0000c124    0000000a     nwk_join.obj (.text:generateLinkToken)
                  0000c12e    0000000a     nwk_ping.obj (.text:nwk_pingInit)
                  0000c138    00000008     main_TOT.obj (.text:ADC10_ISR)
                  0000c140    00000006     mrfi.obj (.text:MRFI_GetRadioState)
                  0000c146    00000006     nwk_globals.obj (.text:nwk_getBCastAddress)
                  0000c14c    00000006     nwk_globals.obj (.text:nwk_getFWVersion)
                  0000c152    00000006     nwk_frame.obj (.text:nwk_getMyRxType)
                  0000c158    00000006     nwk_globals.obj (.text:nwk_getProtocolVersion)
                  0000c15e    00000006     nwk.obj (.text:nwk_getSFInfoPtr)
                  0000c164    00000004     rts430.lib : exit.obj (.text:abort)
                  0000c168    00000004     nwk_join.obj (.text:nwk_join)
                  0000c16c    00000002     main_TOT.obj (.text:Timer_A)
                  0000c16e    00000002     rts430.lib : _lock.obj (.text:_nop)
                  0000c170    00000002     nwk_security.obj (.text:nwk_securityInit)

.cinit     0    0000c172    000000e4     
                  0000c172    0000002f     mrfi.obj (.cinit)
                  0000c1a1    00000001     --HOLE-- [fill = 0]
                  0000c1a2    0000002a     main_TOT.obj (.cinit)
                  0000c1cc    0000001f     nwk_join.obj (.cinit)
                  0000c1eb    00000001     --HOLE-- [fill = 0]
                  0000c1ec    0000001e     nwk_frame.obj (.cinit)
                  0000c20a    00000019     nwk_link.obj (.cinit)
                  0000c223    00000001     --HOLE-- [fill = 0]
                  0000c224    0000000b     nwk_mgmt.obj (.cinit)
                  0000c22f    00000001     --HOLE-- [fill = 0]
                  0000c230    00000005     bsp.obj (.cinit)
                  0000c235    00000001     --HOLE-- [fill = 0]
                  0000c236    00000005     nwk.obj (.cinit)
                  0000c23b    00000001     --HOLE-- [fill = 0]
                  0000c23c    00000005     nwk_api.obj (.cinit)
                  0000c241    00000001     --HOLE-- [fill = 0]
                  0000c242    00000005     nwk_freq.obj (.cinit)
                  0000c247    00000001     --HOLE-- [fill = 0]
                  0000c248    00000005     nwk_globals.obj (.cinit)
                  0000c24d    00000001     --HOLE-- [fill = 0]
                  0000c24e    00000005     nwk_ping.obj (.cinit)
                  0000c253    00000001     --HOLE-- [fill = 0]
                  0000c254    00000002     (.pad.cinit) [fill = 0]

.const     0    0000c256    000000c7     
                  0000c256    00000050     main_TOT.obj (.const:.string)
                  0000c2a6    0000003c     mrfi.obj (.const:mrfiRadioCfg)
                  0000c2e2    0000000c     nwk_frame.obj (.const:func)
                  0000c2ee    0000000a     virtual_com_cmds_TOT.obj (.const:$P$T1$2)
                  0000c2f8    00000009     nwk_globals.obj (.const)
                  0000c301    00000001     --HOLE-- [fill = 0]
                  0000c302    00000008     virtual_com_cmds_TOT.obj (.const:$P$T2$3)
                  0000c30a    00000007     virtual_com_cmds_TOT.obj (.const:$P$T0$1)
                  0000c311    00000001     --HOLE-- [fill = 0]
                  0000c312    00000004     mrfi.obj (.const:mrfiBroadcastAddr)
                  0000c316    00000004     mrfi.obj (.const:mrfiLogicalChanTable)
                  0000c31a    00000003     mrfi.obj (.const:mrfiRFPowerTable)

.int02     0    0000ffe4    00000002     
                  0000ffe4    00000002     main_TOT.obj (.int02)

.int03     0    0000ffe6    00000002     
                  0000ffe6    00000002     mrfi.obj (.int03)

.int05     0    0000ffea    00000002     
                  0000ffea    00000002     main_TOT.obj (.int05)

.int07     0    0000ffee    00000002     
                  0000ffee    00000002     main_TOT.obj (.int07)

.int09     0    0000fff2    00000002     
                  0000fff2    00000002     main_TOT.obj (.int09)

.reset     0    0000fffe    00000002     
                  0000fffe    00000002     rts430.lib : boot.obj (.reset)


GLOBAL SYMBOLS: SORTED ALPHABETICALLY BY Name 

address    name
--------   ----
00000200   .bss
00008000   .text
0000004a   ADC10AE0
0000004b   ADC10AE1
000001b0   ADC10CTL0
000001b2   ADC10CTL1
00000048   ADC10DTC0
00000049   ADC10DTC1
000001b4   ADC10MEM
000001bc   ADC10SA
0000c138   ADC10_ISR
00000057   BCSCTL1
00000058   BCSCTL2
00000053   BCSCTL3
0000bb22   BSP_Delay
0000bef2   BSP_GpioPort1Isr
0000b93c   BSP_Init
0000baa4   BSP_InitBoard
0000c106   BSP_InitButtons
0000c110   BSP_InitDrivers
0000c01a   BSP_InitLeds
0000c164   C$$EXIT
000010fb   CALBC1_12MHZ
000010f9   CALBC1_16MHZ
000010ff   CALBC1_1MHZ
000010fd   CALBC1_8MHZ
000010fa   CALDCO_12MHZ
000010f8   CALDCO_16MHZ
000010fe   CALDCO_1MHZ
000010fc   CALDCO_8MHZ
0000bb4a   COM_Init
00000056   DCOCTL
00000128   FCTL1
0000012a   FCTL2
0000012c   FCTL3
00000000   IE1
00000001   IE2
00000002   IFG1
00000003   IFG2
0000b2b2   I_LSR
0000b2f8   I_LSR_1
0000b2d4   I_LSR_10
0000b2d0   I_LSR_11
0000b2cc   I_LSR_12
0000b2c8   I_LSR_13
0000b2c4   I_LSR_14
0000b2c0   I_LSR_15
0000b2f4   I_LSR_2
0000b2f0   I_LSR_3
0000b2ec   I_LSR_4
0000b2e8   I_LSR_5
0000b2e4   I_LSR_6
0000b2e0   I_LSR_7
0000b2dc   I_LSR_8
0000b2d8   I_LSR_9
0000c062   L_ASR
0000bd34   MRFI_DelayMs
0000c140   MRFI_GetRadioState
0000be2e   MRFI_GpioIsr
000089b2   MRFI_Init
0000c0ee   MRFI_PostKillSem
0000bf70   MRFI_RandomByte
0000bf86   MRFI_Receive
0000b2fe   MRFI_ReplyDelay
0000b182   MRFI_Rssi
0000a7c4   MRFI_RxAddrIsFiltered
0000bc80   MRFI_RxCompleteISR
0000bdb6   MRFI_RxIdle
0000bd56   MRFI_RxOn
0000b83e   MRFI_SetLogicalChannel
0000b808   MRFI_SetRFPwr
0000bbc2   MRFI_Sleep
000098d6   MRFI_Transmit
0000af44   MRFI_WakeUp
000000c0   OA0CTL0
000000c1   OA0CTL1
000000c2   OA1CTL0
000000c3   OA1CTL1
00000022   P1DIR
00000025   P1IE
00000024   P1IES
00000023   P1IFG
00000020   P1IN
00000021   P1OUT
00000027   P1REN
00000026   P1SEL
0000002a   P2DIR
0000002d   P2IE
0000002c   P2IES
0000002b   P2IFG
00000028   P2IN
00000029   P2OUT
0000002f   P2REN
0000002e   P2SEL
0000001a   P3DIR
00000018   P3IN
00000019   P3OUT
00000010   P3REN
0000001b   P3SEL
0000001e   P4DIR
0000001c   P4IN
0000001d   P4OUT
00000011   P4REN
0000001f   P4SEL
0000b4f8   Port_1
0000a122   SMPL_Commission
0000b392   SMPL_Init
00008d94   SMPL_Ioctl
0000a9e6   SMPL_Receive
0000bca4   SMPL_Send
000090f0   SMPL_SendOpt
0000c0d2   SMPL_Unlink
00000172   TACCR0
00000174   TACCR1
00000176   TACCR2
00000162   TACCTL0
00000164   TACCTL1
00000166   TACCTL2
00000160   TACTL
0000012e   TAIV
00000170   TAR
00000192   TBCCR0
00000194   TBCCR1
00000196   TBCCR2
00000182   TBCCTL0
00000184   TBCCTL1
00000186   TBCCTL2
00000180   TBCTL
0000011e   TBIV
00000190   TBR
0000c16c   Timer_A
0000bfde   UART_putChar
0000b53e   UART_write
0000005d   UCA0ABCTL
00000062   UCA0BR0
00000063   UCA0BR1
00000060   UCA0CTL0
00000061   UCA0CTL1
0000005f   UCA0IRRCTL
0000005e   UCA0IRTCTL
00000064   UCA0MCTL
00000066   UCA0RXBUF
00000065   UCA0STAT
00000067   UCA0TXBUF
0000006a   UCB0BR0
0000006b   UCB0BR1
00000068   UCB0CTL0
00000069   UCB0CTL1
0000006c   UCB0I2CIE
00000118   UCB0I2COA
0000011a   UCB0I2CSA
0000006e   UCB0RXBUF
0000006d   UCB0STAT
0000006f   UCB0TXBUF
000093bc   USCI0RX_ISR
00000120   WDTCTL
00000600   __STACK_END
00000050   __STACK_SIZE
00000001   __TI_args_main
00000001   __TI_auto_init
00000001   __TI_exit
ffffffff   __binit__
00000200   __bss__
ffffffff   __c_args__
0000c172   __cinit__
0000ba78   __divi
0000b714   __divli
0000bfc8   __divu
0000ad94   __divul
0000038e   __end__
0000c172   __etext__
0000c006   __mpyi
0000bc5a   __mpyl
ffffffff   __pinit__
0000ba78   __remi
0000b714   __remli
0000bfc8   __remu
0000ad94   __remul
00008000   __text__
0000b584   _auto_init
0000bbe8   _c_int00
0000bbe8   _c_int00_noexit
00000388   _cleanup_ptr
0000038a   _dtors_ptr
00000384   _lock
0000c16e   _nop
0000fffe   _reset_vector
000005b0   _stack
0000c11a   _system_pre_init
00000386   _unlock
0000c164   abort
ffffffff   binit
0000c172   cinit
0000b21a   cmd_check
0000038e   end
0000c172   etext
0000c0ae   func_epilog_1
0000c0ac   func_epilog_2
0000c0aa   func_epilog_3
0000c0a8   func_epilog_4
0000c0a6   func_epilog_5
0000c0a4   func_epilog_6
0000c0a2   func_epilog_7
000002d4   isAP
0000a062   isDupSandFFrame
000002d6   j
000002fc   linkListenAddr
000002f8   linkToAddr
00008000   main
0000bcc8   memcmp
0000c02c   memcpy
0000bd76   memmove
0000bff2   memset
0000c312   mrfiBroadcastAddr
0000ac82   mrfiSpiCmdStrobe
0000b872   mrfiSpiInit
0000bc0e   mrfiSpiReadReg
0000be66   mrfiSpiReadRxFifo
0000ba20   mrfiSpiWriteReg
0000bdd4   mrfiSpiWriteTxFifo
0000c072   nwk_NVObj
0000bdf2   nwk_QInit
0000acde   nwk_QadjustOrder
00008bb2   nwk_QfindOldest
00009dd6   nwk_QfindSlot
0000a28e   nwk_SendEmptyPollRspFrame
00009508   nwk_allocateLocalRxPort
0000ae42   nwk_buildAckReqFrame
00009cee   nwk_buildFrame
0000b094   nwk_checkAppMsgTID
0000b60e   nwk_checkConnInfo
0000b5ca   nwk_connectionControl
0000b266   nwk_deviceAddress
0000aaac   nwk_findAlreadyJoined
0000ab0c   nwk_findPeer
0000b99a   nwk_frameInit
0000c0e0   nwk_freeConnection
0000a8a4   nwk_freqControl
0000bfb2   nwk_freqInit
0000bb9a   nwk_getAPAddress
0000c146   nwk_getBCastAddress
0000c082   nwk_getChannel
0000b650   nwk_getConnInfo
0000c14c   nwk_getFWVersion
0000be82   nwk_getJoinToken
0000be9e   nwk_getLinkToken
0000c03e   nwk_getMyAddress
0000c152   nwk_getMyRxType
0000af98   nwk_getNextConnection
0000b0e4   nwk_getNumObjectFromMsg
0000c158   nwk_getProtocolVersion
0000bf0c   nwk_getQ
0000c15e   nwk_getSFInfoPtr
0000a496   nwk_getSandFFrame
0000bc34   nwk_globalsInit
00009f94   nwk_isConnectionValid
0000ab6a   nwk_isLinkDuplicate
0000afec   nwk_isSandFClient
0000ad3a   nwk_isValidReply
0000c168   nwk_join
0000be10   nwk_joinContext
0000b692   nwk_joinInit
0000b90a   nwk_linkInit
0000bf40   nwk_mgmtInit
0000a648   nwk_nwkInit
0000c12e   nwk_pingInit
0000b040   nwk_processFreq
0000ae98   nwk_processJoin
0000b3da   nwk_processLink
0000aa4a   nwk_processMgmt
0000b422   nwk_processPing
0000c0fa   nwk_processSecurity
0000a914   nwk_putNumObjectIntoMsg
00009eb6   nwk_radioControl
0000b792   nwk_rawReceive
0000a752   nwk_rawSend
0000b348   nwk_replayFrame
0000c092   nwk_resetSFMarker
00009b08   nwk_retrieveFrame
0000a5c0   nwk_saveJoinedDevice
00009652   nwk_scanForChannels
0000c170   nwk_securityInit
0000a33e   nwk_sendAckReply
0000b46a   nwk_sendFrame
0000baf8   nwk_setChannel
0000bf26   nwk_setJoinContext
0000bcec   nwk_setJoinToken
0000bd10   nwk_setLinkToken
0000ba4c   nwk_setMyAddress
000099f4   nwk_unlink
ffffffff   pinit
0000b754   serial_log
0000c050   strlen
00000300   tempOffset
0000b7ce   toRadio
0000bd96   toggleLED
000084b6   transmitDataString


GLOBAL SYMBOLS: SORTED BY Symbol Address 

address    name
--------   ----
00000000   IE1
00000001   IE2
00000001   __TI_args_main
00000001   __TI_auto_init
00000001   __TI_exit
00000002   IFG1
00000003   IFG2
00000010   P3REN
00000011   P4REN
00000018   P3IN
00000019   P3OUT
0000001a   P3DIR
0000001b   P3SEL
0000001c   P4IN
0000001d   P4OUT
0000001e   P4DIR
0000001f   P4SEL
00000020   P1IN
00000021   P1OUT
00000022   P1DIR
00000023   P1IFG
00000024   P1IES
00000025   P1IE
00000026   P1SEL
00000027   P1REN
00000028   P2IN
00000029   P2OUT
0000002a   P2DIR
0000002b   P2IFG
0000002c   P2IES
0000002d   P2IE
0000002e   P2SEL
0000002f   P2REN
00000048   ADC10DTC0
00000049   ADC10DTC1
0000004a   ADC10AE0
0000004b   ADC10AE1
00000050   __STACK_SIZE
00000053   BCSCTL3
00000056   DCOCTL
00000057   BCSCTL1
00000058   BCSCTL2
0000005d   UCA0ABCTL
0000005e   UCA0IRTCTL
0000005f   UCA0IRRCTL
00000060   UCA0CTL0
00000061   UCA0CTL1
00000062   UCA0BR0
00000063   UCA0BR1
00000064   UCA0MCTL
00000065   UCA0STAT
00000066   UCA0RXBUF
00000067   UCA0TXBUF
00000068   UCB0CTL0
00000069   UCB0CTL1
0000006a   UCB0BR0
0000006b   UCB0BR1
0000006c   UCB0I2CIE
0000006d   UCB0STAT
0000006e   UCB0RXBUF
0000006f   UCB0TXBUF
000000c0   OA0CTL0
000000c1   OA0CTL1
000000c2   OA1CTL0
000000c3   OA1CTL1
00000118   UCB0I2COA
0000011a   UCB0I2CSA
0000011e   TBIV
00000120   WDTCTL
00000128   FCTL1
0000012a   FCTL2
0000012c   FCTL3
0000012e   TAIV
00000160   TACTL
00000162   TACCTL0
00000164   TACCTL1
00000166   TACCTL2
00000170   TAR
00000172   TACCR0
00000174   TACCR1
00000176   TACCR2
00000180   TBCTL
00000182   TBCCTL0
00000184   TBCCTL1
00000186   TBCCTL2
00000190   TBR
00000192   TBCCR0
00000194   TBCCR1
00000196   TBCCR2
000001b0   ADC10CTL0
000001b2   ADC10CTL1
000001b4   ADC10MEM
000001bc   ADC10SA
00000200   .bss
00000200   __bss__
000002d4   isAP
000002d6   j
000002f8   linkToAddr
000002fc   linkListenAddr
00000300   tempOffset
00000384   _lock
00000386   _unlock
00000388   _cleanup_ptr
0000038a   _dtors_ptr
0000038e   __end__
0000038e   end
000005b0   _stack
00000600   __STACK_END
000010f8   CALDCO_16MHZ
000010f9   CALBC1_16MHZ
000010fa   CALDCO_12MHZ
000010fb   CALBC1_12MHZ
000010fc   CALDCO_8MHZ
000010fd   CALBC1_8MHZ
000010fe   CALDCO_1MHZ
000010ff   CALBC1_1MHZ
00008000   .text
00008000   __text__
00008000   main
000084b6   transmitDataString
000089b2   MRFI_Init
00008bb2   nwk_QfindOldest
00008d94   SMPL_Ioctl
000090f0   SMPL_SendOpt
000093bc   USCI0RX_ISR
00009508   nwk_allocateLocalRxPort
00009652   nwk_scanForChannels
000098d6   MRFI_Transmit
000099f4   nwk_unlink
00009b08   nwk_retrieveFrame
00009cee   nwk_buildFrame
00009dd6   nwk_QfindSlot
00009eb6   nwk_radioControl
00009f94   nwk_isConnectionValid
0000a062   isDupSandFFrame
0000a122   SMPL_Commission
0000a28e   nwk_SendEmptyPollRspFrame
0000a33e   nwk_sendAckReply
0000a496   nwk_getSandFFrame
0000a5c0   nwk_saveJoinedDevice
0000a648   nwk_nwkInit
0000a752   nwk_rawSend
0000a7c4   MRFI_RxAddrIsFiltered
0000a8a4   nwk_freqControl
0000a914   nwk_putNumObjectIntoMsg
0000a9e6   SMPL_Receive
0000aa4a   nwk_processMgmt
0000aaac   nwk_findAlreadyJoined
0000ab0c   nwk_findPeer
0000ab6a   nwk_isLinkDuplicate
0000ac82   mrfiSpiCmdStrobe
0000acde   nwk_QadjustOrder
0000ad3a   nwk_isValidReply
0000ad94   __divul
0000ad94   __remul
0000ae42   nwk_buildAckReqFrame
0000ae98   nwk_processJoin
0000af44   MRFI_WakeUp
0000af98   nwk_getNextConnection
0000afec   nwk_isSandFClient
0000b040   nwk_processFreq
0000b094   nwk_checkAppMsgTID
0000b0e4   nwk_getNumObjectFromMsg
0000b182   MRFI_Rssi
0000b21a   cmd_check
0000b266   nwk_deviceAddress
0000b2b2   I_LSR
0000b2c0   I_LSR_15
0000b2c4   I_LSR_14
0000b2c8   I_LSR_13
0000b2cc   I_LSR_12
0000b2d0   I_LSR_11
0000b2d4   I_LSR_10
0000b2d8   I_LSR_9
0000b2dc   I_LSR_8
0000b2e0   I_LSR_7
0000b2e4   I_LSR_6
0000b2e8   I_LSR_5
0000b2ec   I_LSR_4
0000b2f0   I_LSR_3
0000b2f4   I_LSR_2
0000b2f8   I_LSR_1
0000b2fe   MRFI_ReplyDelay
0000b348   nwk_replayFrame
0000b392   SMPL_Init
0000b3da   nwk_processLink
0000b422   nwk_processPing
0000b46a   nwk_sendFrame
0000b4f8   Port_1
0000b53e   UART_write
0000b584   _auto_init
0000b5ca   nwk_connectionControl
0000b60e   nwk_checkConnInfo
0000b650   nwk_getConnInfo
0000b692   nwk_joinInit
0000b714   __divli
0000b714   __remli
0000b754   serial_log
0000b792   nwk_rawReceive
0000b7ce   toRadio
0000b808   MRFI_SetRFPwr
0000b83e   MRFI_SetLogicalChannel
0000b872   mrfiSpiInit
0000b90a   nwk_linkInit
0000b93c   BSP_Init
0000b99a   nwk_frameInit
0000ba20   mrfiSpiWriteReg
0000ba4c   nwk_setMyAddress
0000ba78   __divi
0000ba78   __remi
0000baa4   BSP_InitBoard
0000baf8   nwk_setChannel
0000bb22   BSP_Delay
0000bb4a   COM_Init
0000bb9a   nwk_getAPAddress
0000bbc2   MRFI_Sleep
0000bbe8   _c_int00
0000bbe8   _c_int00_noexit
0000bc0e   mrfiSpiReadReg
0000bc34   nwk_globalsInit
0000bc5a   __mpyl
0000bc80   MRFI_RxCompleteISR
0000bca4   SMPL_Send
0000bcc8   memcmp
0000bcec   nwk_setJoinToken
0000bd10   nwk_setLinkToken
0000bd34   MRFI_DelayMs
0000bd56   MRFI_RxOn
0000bd76   memmove
0000bd96   toggleLED
0000bdb6   MRFI_RxIdle
0000bdd4   mrfiSpiWriteTxFifo
0000bdf2   nwk_QInit
0000be10   nwk_joinContext
0000be2e   MRFI_GpioIsr
0000be66   mrfiSpiReadRxFifo
0000be82   nwk_getJoinToken
0000be9e   nwk_getLinkToken
0000bef2   BSP_GpioPort1Isr
0000bf0c   nwk_getQ
0000bf26   nwk_setJoinContext
0000bf40   nwk_mgmtInit
0000bf70   MRFI_RandomByte
0000bf86   MRFI_Receive
0000bfb2   nwk_freqInit
0000bfc8   __divu
0000bfc8   __remu
0000bfde   UART_putChar
0000bff2   memset
0000c006   __mpyi
0000c01a   BSP_InitLeds
0000c02c   memcpy
0000c03e   nwk_getMyAddress
0000c050   strlen
0000c062   L_ASR
0000c072   nwk_NVObj
0000c082   nwk_getChannel
0000c092   nwk_resetSFMarker
0000c0a2   func_epilog_7
0000c0a4   func_epilog_6
0000c0a6   func_epilog_5
0000c0a8   func_epilog_4
0000c0aa   func_epilog_3
0000c0ac   func_epilog_2
0000c0ae   func_epilog_1
0000c0d2   SMPL_Unlink
0000c0e0   nwk_freeConnection
0000c0ee   MRFI_PostKillSem
0000c0fa   nwk_processSecurity
0000c106   BSP_InitButtons
0000c110   BSP_InitDrivers
0000c11a   _system_pre_init
0000c12e   nwk_pingInit
0000c138   ADC10_ISR
0000c140   MRFI_GetRadioState
0000c146   nwk_getBCastAddress
0000c14c   nwk_getFWVersion
0000c152   nwk_getMyRxType
0000c158   nwk_getProtocolVersion
0000c15e   nwk_getSFInfoPtr
0000c164   C$$EXIT
0000c164   abort
0000c168   nwk_join
0000c16c   Timer_A
0000c16e   _nop
0000c170   nwk_securityInit
0000c172   __cinit__
0000c172   __etext__
0000c172   cinit
0000c172   etext
0000c312   mrfiBroadcastAddr
0000fffe   _reset_vector
ffffffff   __binit__
ffffffff   __c_args__
ffffffff   __pinit__
ffffffff   binit
ffffffff   pinit

[297 symbols]
