Archive member included because of file (symbol)

/cygdrive/c/Xilinx/12.3/ISE_DS/EDK/gnu/microblaze/nt/bin/../lib/gcc/microblaze-xilinx-elf/4.1.2/bs/m/libgcc.a(modsi3.o)
                              ./src/bsp.o (__modsi3)
/cygdrive/c/Xilinx/12.3/ISE_DS/EDK/gnu/microblaze/nt/bin/../lib/gcc/microblaze-xilinx-elf/4.1.2/bs/m/libgcc.a(umodsi3.o)
                              ./src/bsp.o (__umodsi3)
/cygdrive/c/Xilinx/12.3/ISE_DS/EDK/gnu/microblaze/nt/bin/../lib/gcc/microblaze-xilinx-elf/4.1.2/bs/m/libgcc.a(divsi3.o)
                              ./src/bsp.o (__divsi3)
/cygdrive/c/Xilinx/12.3/ISE_DS/EDK/gnu/microblaze/nt/bin/../lib/gcc/microblaze-xilinx-elf/4.1.2/bs/m/libgcc.a(udivsi3.o)
                              ./src/bsp.o (__udivsi3)
../../uCOS-II_bsp_0/microblaze_0/lib/libxil.a(xil_printf.o)
                              ./src/application.o (xil_printf)
../../uCOS-II_bsp_0/microblaze_0/lib/libxil.a(_exception_handler.o)
                              /cygdrive/c/Xilinx/12.3/ISE_DS/EDK/gnu/microblaze/nt/bin/../lib/gcc/microblaze-xilinx-elf/4.1.2/../../../../microblaze-xilinx-elf/lib/bs/m/crt0.o (_exception_handler)
../../uCOS-II_bsp_0/microblaze_0/lib/libxil.a(_program_clean.o)
                              /cygdrive/c/Xilinx/12.3/ISE_DS/EDK/gnu/microblaze/nt/bin/../lib/gcc/microblaze-xilinx-elf/4.1.2/../../../../microblaze-xilinx-elf/lib/bs/m/crtinit.o (_program_clean)
../../uCOS-II_bsp_0/microblaze_0/lib/libxil.a(_program_init.o)
                              /cygdrive/c/Xilinx/12.3/ISE_DS/EDK/gnu/microblaze/nt/bin/../lib/gcc/microblaze-xilinx-elf/4.1.2/../../../../microblaze-xilinx-elf/lib/bs/m/crtinit.o (_program_init)
../../uCOS-II_bsp_0/microblaze_0/lib/libxil.a(hw_exception_handler.o)
                              /cygdrive/c/Xilinx/12.3/ISE_DS/EDK/gnu/microblaze/nt/bin/../lib/gcc/microblaze-xilinx-elf/4.1.2/../../../../microblaze-xilinx-elf/lib/bs/m/crt0.o (_hw_exception_handler)
../../uCOS-II_bsp_0/microblaze_0/lib/libxil.a(os_core.o)
                              ./src/application.o (OSStatInit)
../../uCOS-II_bsp_0/microblaze_0/lib/libxil.a(os_cpu_a.o)
                              ../../uCOS-II_bsp_0/microblaze_0/lib/libxil.a(os_core.o) (OSStartHighRdy)
../../uCOS-II_bsp_0/microblaze_0/lib/libxil.a(os_cpu_c.o)
                              ../../uCOS-II_bsp_0/microblaze_0/lib/libxil.a(os_core.o) (OSInitHookBegin)
../../uCOS-II_bsp_0/microblaze_0/lib/libxil.a(os_flag.o)
                              ../../uCOS-II_bsp_0/microblaze_0/lib/libxil.a(os_core.o) (OS_FlagInit)
../../uCOS-II_bsp_0/microblaze_0/lib/libxil.a(os_mem.o)
                              ../../uCOS-II_bsp_0/microblaze_0/lib/libxil.a(os_core.o) (OS_MemInit)
../../uCOS-II_bsp_0/microblaze_0/lib/libxil.a(os_q.o)
                              ../../uCOS-II_bsp_0/microblaze_0/lib/libxil.a(os_core.o) (OS_QInit)
../../uCOS-II_bsp_0/microblaze_0/lib/libxil.a(os_task.o)
                              ../../uCOS-II_bsp_0/microblaze_0/lib/libxil.a(os_core.o) (OSTaskStkChk)
../../uCOS-II_bsp_0/microblaze_0/lib/libxil.a(os_time.o)
                              ../../uCOS-II_bsp_0/microblaze_0/lib/libxil.a(os_core.o) (OSTimeDly)
../../uCOS-II_bsp_0/microblaze_0/lib/libxil.a(outbyte.o)
                              ../../uCOS-II_bsp_0/microblaze_0/lib/libxil.a(xil_printf.o) (outbyte)
../../uCOS-II_bsp_0/microblaze_0/lib/libxil.a(xuartlite.o)
                              ./src/bsp.o (XUartLite_IsSending)
../../uCOS-II_bsp_0/microblaze_0/lib/libxil.a(xuartlite_intr.o)
                              ./src/bsp.o (XUartLite_EnableInterrupt)
../../uCOS-II_bsp_0/microblaze_0/lib/libxil.a(xuartlite_l.o)
                              ./src/bsp.o (XUartLite_SendByte)
../../uCOS-II_bsp_0/microblaze_0/lib/libxil.a(xuartlite_selftest.o)
                              ./src/bsp.o (XUartLite_SelfTest)
../../uCOS-II_bsp_0/microblaze_0/lib/libxil.a(xuartlite_sinit.o)
                              ./src/bsp.o (XUartLite_Initialize)
../../uCOS-II_bsp_0/microblaze_0/lib/libxil.a(xuartlite_stats.o)
                              ../../uCOS-II_bsp_0/microblaze_0/lib/libxil.a(xuartlite.o) (XUartLite_ClearStats)
../../uCOS-II_bsp_0/microblaze_0/lib/libxil.a(xiic.o)
                              ./src/bsp.o (XIic_IsIicBusy)
../../uCOS-II_bsp_0/microblaze_0/lib/libxil.a(xiic_intr.o)
                              ./src/bsp.o (XIic_InterruptHandler)
../../uCOS-II_bsp_0/microblaze_0/lib/libxil.a(xiic_master.o)
                              ./src/bsp.o (XIic_MasterRecv)
../../uCOS-II_bsp_0/microblaze_0/lib/libxil.a(xiic_sinit.o)
                              ./src/bsp.o (XIic_Initialize)
../../uCOS-II_bsp_0/microblaze_0/lib/libxil.a(xiic_stats.o)
                              ../../uCOS-II_bsp_0/microblaze_0/lib/libxil.a(xiic.o) (XIic_ClearStats)
../../uCOS-II_bsp_0/microblaze_0/lib/libxil.a(xintc.o)
                              ./src/bsp.o (XIntc_Enable)
../../uCOS-II_bsp_0/microblaze_0/lib/libxil.a(xintc_g.o)
                              ./src/bsp.o (XIntc_ConfigTable)
[...]
Memory Configuration

Name             Origin             Length             Attributes
ilmb_cntlr_dlmb_cntlr 0x00000050         0x00007fb0
FLASH_2Mx16_MEM0_BASEADDR 0x84c00000         0x00400000
*default*        0x00000000         0xffffffff

Linker script and memory map

LOAD /cygdrive/c/Xilinx/12.3/ISE_DS/EDK/gnu/microblaze/nt/bin/../lib/gcc/microblaze-xilinx-elf/4.1.2/../../../../microblaze-xilinx-elf/lib/bs/m/crt0.o
LOAD /cygdrive/c/Xilinx/12.3/ISE_DS/EDK/gnu/microblaze/nt/bin/../lib/gcc/microblaze-xilinx-elf/4.1.2/bs/m/crti.o
LOAD /cygdrive/c/Xilinx/12.3/ISE_DS/EDK/gnu/microblaze/nt/bin/../lib/gcc/microblaze-xilinx-elf/4.1.2/bs/m/crtbegin.o
LOAD /cygdrive/c/Xilinx/12.3/ISE_DS/EDK/gnu/microblaze/nt/bin/../lib/gcc/microblaze-xilinx-elf/4.1.2/../../../../microblaze-xilinx-elf/lib/bs/m/crtinit.o
LOAD ./src/application.o
LOAD ./src/bsp.o
LOAD /cygdrive/c/Xilinx/12.3/ISE_DS/EDK/gnu/microblaze/nt/bin/../lib/gcc/microblaze-xilinx-elf/4.1.2/bs/m/libgcc.a
START GROUP
LOAD ../../uCOS-II_bsp_0/microblaze_0/lib/libxil.a
LOAD ../../uCOS-II_bsp_0/microblaze_0/lib/libc.a
LOAD ../../uCOS-II_bsp_0/microblaze_0/lib/libm.a
END GROUP
LOAD /cygdrive/c/Xilinx/12.3/ISE_DS/EDK/gnu/microblaze/nt/bin/../lib/gcc/microblaze-xilinx-elf/4.1.2/bs/m/libgcc.a
LOAD /cygdrive/c/Xilinx/12.3/ISE_DS/EDK/gnu/microblaze/nt/bin/../lib/gcc/microblaze-xilinx-elf/4.1.2/bs/m/crtend.o
LOAD /cygdrive/c/Xilinx/12.3/ISE_DS/EDK/gnu/microblaze/nt/bin/../lib/gcc/microblaze-xilinx-elf/4.1.2/bs/m/crtn.o
                0x00000400                _STACK_SIZE = DEFINED (_STACK_SIZE)?_STACK_SIZE:0x400
                0x00000400                _HEAP_SIZE = DEFINED (_HEAP_SIZE)?_HEAP_SIZE:0x400

.vectors.reset  0x00000000        0x8
 *(.vectors.reset)
 .vectors.reset
                0x00000000        0x8 /cygdrive/c/Xilinx/12.3/ISE_DS/EDK/gnu/microblaze/nt/bin/../lib/gcc/microblaze-xilinx-elf/4.1.2/../../../../microblaze-xilinx-elf/lib/bs/m/crt0.o
                0x00000000                _start

.vectors.sw_exception
                0x00000008        0x8
 *(.vectors.sw_exception)
 .vectors.sw_exception
                0x00000008        0x8 /cygdrive/c/Xilinx/12.3/ISE_DS/EDK/gnu/microblaze/nt/bin/../lib/gcc/microblaze-xilinx-elf/4.1.2/../../../../microblaze-xilinx-elf/lib/bs/m/crt0.o

.vectors.interrupt
                0x00000010        0x8
 *(.vectors.interrupt)
 .vectors.interrupt
                0x00000010        0x8 /cygdrive/c/Xilinx/12.3/ISE_DS/EDK/gnu/microblaze/nt/bin/../lib/gcc/microblaze-xilinx-elf/4.1.2/../../../../microblaze-xilinx-elf/lib/bs/m/crt0.o

.vectors.hw_exception
                0x00000020        0x8
 *(.vectors.hw_exception)
 .vectors.hw_exception
                0x00000020        0x8 /cygdrive/c/Xilinx/12.3/ISE_DS/EDK/gnu/microblaze/nt/bin/../lib/gcc/microblaze-xilinx-elf/4.1.2/../../../../microblaze-xilinx-elf/lib/bs/m/crt0.o

.text           0x84c00000    0x13000
 *(.text)
 .text          0x84c00000       0x28 /cygdrive/c/Xilinx/12.3/ISE_DS/EDK/gnu/microblaze/nt/bin/../lib/gcc/microblaze-xilinx-elf/4.1.2/../../../../microblaze-xilinx-elf/lib/bs/m/crt0.o
                0x84c00000                _start1
                0x84c00024                _exit
 .text          0x84c00028       0xb4 /cygdrive/c/Xilinx/12.3/ISE_DS/EDK/gnu/microblaze/nt/bin/../lib/gcc/microblaze-xilinx-elf/4.1.2/bs/m/crtbegin.o
 .text          0x84c000dc       0x94 /cygdrive/c/Xilinx/12.3/ISE_DS/EDK/gnu/microblaze/nt/bin/../lib/gcc/microblaze-xilinx-elf/4.1.2/../../../../microblaze-xilinx-elf/lib/bs/m/crtinit.o
                0x84c000dc                _crtinit
 .text          0x84c00170      0x2c8 ./src/application.o
                0x84c00170                main
 .text          0x84c00438     0x17b8 ./src/bsp.o
                0x84c004c0                BSP_IntHandler
                0x84c0057c                ReceiveHandler
                0x84c00f1c                BSP_LEDOn
                0x84c01068                button_display_state_all
                0x84c00d6c                BSP_Timer0Handler
                0x84c00438                LED_Get
                0x84c01180                BSP_LEDInit
                0x84c00e54                BSP_LEDOff
                0x84c00570                SendHandler
                0x84c01460                procesa_comandos
                0x84c01898                RecvHandlerMSP430
                0x84c00fe4                cmd_check
                0x84c00588                BSP_IntDisAll
                0x84c005bc                button_display_state_single
                0x84c00478                BSP_TmrInit
                0x84c01204                RecvHandlerUSB
                0x84c00da8                BSP_LEDToggle
                0x84c007f4                enviaMSP430
                0x84c00458                button_read
                0x84c00448                Button_Get
                0x84c00c8c                BSP_InitIntCtrl
                0x84c00a84                BSP_IicInit
                0x84c01b14                BSP_InitIO
                0x84c006ac                button_check_state
                0x84c010ec                button_process
 .text          0x84c01bf0       0x98 /cygdrive/c/Xilinx/12.3/ISE_DS/EDK/gnu/microblaze/nt/bin/../lib/gcc/microblaze-xilinx-elf/4.1.2/bs/m/libgcc.a(modsi3.o)
                0x84c01bf0                __modsi3
 .text          0x84c01c88       0xbc /cygdrive/c/Xilinx/12.3/ISE_DS/EDK/gnu/microblaze/nt/bin/../lib/gcc/microblaze-xilinx-elf/4.1.2/bs/m/libgcc.a(umodsi3.o)
                0x84c01c88                __umodsi3
 .text          0x84c01d44       0x9c /cygdrive/c/Xilinx/12.3/ISE_DS/EDK/gnu/microblaze/nt/bin/../lib/gcc/microblaze-xilinx-elf/4.1.2/bs/m/libgcc.a(divsi3.o)
                0x84c01d44                __divsi3
 .text          0x84c01de0       0xa8 /cygdrive/c/Xilinx/12.3/ISE_DS/EDK/gnu/microblaze/nt/bin/../lib/gcc/microblaze-xilinx-elf/4.1.2/bs/m/libgcc.a(udivsi3.o)
                0x84c01de0                __udivsi3
 .text          0x84c01e88      0x500 ../../uCOS-II_bsp_0/microblaze_0/lib/libxil.a(xil_printf.o)
                0x84c020a4                xil_printf
 .text          0x84c02388        0x8 ../../uCOS-II_bsp_0/microblaze_0/lib/libxil.a(_exception_handler.o)
                0x84c02388                _exception_handler
 .text          0x84c02390        0x8 ../../uCOS-II_bsp_0/microblaze_0/lib/libxil.a(_program_clean.o)
                0x84c02390                _program_clean
 .text          0x84c02398        0x8 ../../uCOS-II_bsp_0/microblaze_0/lib/libxil.a(_program_init.o)
                0x84c02398                _program_init
 .text          0x84c023a0        0x4 ../../uCOS-II_bsp_0/microblaze_0/lib/libxil.a(hw_exception_handler.o)
                0x84c023a0                _hw_exception_handler
 .text          0x84c023a4      0xfbc ../../uCOS-II_bsp_0/microblaze_0/lib/libxil.a(os_core.o)
                0x84c02c48                OSEventPendMulti
                0x84c023a4                OSIntEnter
                0x84c02878                OS_TCBInit
                0x84c024ec                OS_EventTaskRemove
                0x84c027c4                OSEventNameGet
                0x84c030fc                OSIntExit
                0x84c026a8                OS_MemCopy
                0x84c02bc0                OS_Sched
                0x84c02530                OS_EventTaskRemoveMulti
                0x84c02450                OS_EventTaskWaitMulti
                0x84c02af4                OS_TaskStat
                0x84c0267c                OS_MemClr
                0x84c0258c                OS_EventTaskRdy
                0x84c02a94                OSStatInit
                0x84c02740                OSEventNameSet
                0x84c023dc                OS_EventTaskWait
                0x84c02a18                OS_TaskStatStkChk
                0x84c030b8                OSStart
                0x84c02fe4                OSTimeTick
                0x84c031b4                OSInit
                0x84c02708                OS_StrLen
                0x84c023d4                OSVersion
                0x84c02668                OS_EventWaitListInit
                0x84c02b8c                OS_TaskIdle
 .text          0x84c03360      0x43c ../../uCOS-II_bsp_0/microblaze_0/lib/libxil.a(os_cpu_a.o)
                0x84c03398                OSStartHighRdy
                0x84c03440                OSCtxSw
                0x84c03594                OSIntCtxSw
                0x84c03660                OS_CPU_ISR
                0x84c03390                OS_CPU_SR_Restore
                0x84c03660                _interrupt_handler
                0x84c03360                OS_CPU_SR_Save
 .text          0x84c0379c      0x1b0 ../../uCOS-II_bsp_0/microblaze_0/lib/libxil.a(os_cpu_c.o)
                0x84c037ac                OSTaskCreateHook
                0x84c037cc                OSTaskStatHook
                0x84c0379c                OSInitHookBegin
                0x84c037b4                OSTaskDelHook
                0x84c03944                OSTimeTickHook
                0x84c0393c                OSTCBInitHook
                0x84c037bc                OSTaskReturnHook
                0x84c037d4                OSTaskStkInit
                0x84c037a4                OSInitHookEnd
                0x84c03934                OSTaskSwHook
                0x84c037c4                OSTaskIdleHook
 .text          0x84c0394c      0x7e0 ../../uCOS-II_bsp_0/microblaze_0/lib/libxil.a(os_flag.o)
                0x84c03ad8                OSFlagPendGetFlagsRdy
                0x84c039d8                OS_FlagUnlink
                0x84c03a84                OS_FlagInit
                0x84c03c44                OSFlagPost
                0x84c03b94                OSFlagCreate
                0x84c03de8                OSFlagPend
                0x84c03b0c                OSFlagNameSet
                0x84c04074                OSFlagNameGet
 .text          0x84c0412c      0x308 ../../uCOS-II_bsp_0/microblaze_0/lib/libxil.a(os_mem.o)
                0x84c0412c                OS_MemInit
                0x84c043a4                OSMemNameGet
                0x84c0425c                OSMemGet
                0x84c04178                OSMemPut
                0x84c042d8                OSMemCreate
                0x84c041f0                OSMemNameSet
 .text          0x84c04434      0x3ec ../../uCOS-II_bsp_0/microblaze_0/lib/libxil.a(os_q.o)
                0x84c04470                OSQPost
                0x84c04568                OSQPend
                0x84c04704                OSQCreate
                0x84c04434                OS_QInit
 .text          0x84c04820      0x708 ../../uCOS-II_bsp_0/microblaze_0/lib/libxil.a(os_task.o)
                0x84c04858                OS_TaskReturn
                0x84c04dc8                OSTaskCreateExt
                0x84c04878                OSTaskRegSet
                0x84c04a50                OSTaskNameSet
                0x84c048f4                OSTaskRegGet
                0x84c04be4                OSTaskResume
                0x84c04ce4                OSTaskNameGet
                0x84c04968                OSTaskStkChk
                0x84c04820                OS_TaskStkClr
                0x84c04af4                OSTaskSuspend
 .text          0x84c04f28      0x12c ../../uCOS-II_bsp_0/microblaze_0/lib/libxil.a(os_time.o)
                0x84c04f28                OSTimeDly
                0x84c04fcc                OSTimeDlyHMSM
 .text          0x84c05054       0x28 ../../uCOS-II_bsp_0/microblaze_0/lib/libxil.a(outbyte.o)
                0x84c05054                outbyte
 .text          0x84c0507c      0x4f4 ../../uCOS-II_bsp_0/microblaze_0/lib/libxil.a(xuartlite.o)
                0x84c05278                XUartLite_ResetFifos
                0x84c05218                XUartLite_IsSending
                0x84c052ec                XUartLite_Recv
                0x84c053e8                XUartLite_Send
                0x84c0507c                XUartLite_SendBuffer
                0x84c05124                XUartLite_ReceiveBuffer
                0x84c054e4                XUartLite_CfgInitialize
 .text          0x84c05570      0x2d4 ../../uCOS-II_bsp_0/microblaze_0/lib/libxil.a(xuartlite_intr.o)
                0x84c0575c                XUartLite_InterruptHandler
                0x84c056d0                XUartLite_SetRecvHandler
                0x84c055dc                XUartLite_DisableInterrupt
                0x84c05570                XUartLite_EnableInterrupt
                0x84c05644                XUartLite_SetSendHandler
 .text          0x84c05844       0x3c ../../uCOS-II_bsp_0/microblaze_0/lib/libxil.a(xuartlite_l.o)
                0x84c05864                XUartLite_RecvByte
                0x84c05844                XUartLite_SendByte
 .text          0x84c05880       0x90 ../../uCOS-II_bsp_0/microblaze_0/lib/libxil.a(xuartlite_selftest.o)
                0x84c05880                XUartLite_SelfTest
 .text          0x84c05910       0xd4 ../../uCOS-II_bsp_0/microblaze_0/lib/libxil.a(xuartlite_sinit.o)
                0x84c05910                XUartLite_LookupConfig
                0x84c05968                XUartLite_Initialize
 .text          0x84c059e4      0x138 ../../uCOS-II_bsp_0/microblaze_0/lib/libxil.a(xuartlite_stats.o)
                0x84c059e4                XUartLite_ClearStats
                0x84c05a60                XUartLite_GetStats
 .text          0x84c05b1c      0x758 ../../uCOS-II_bsp_0/microblaze_0/lib/libxil.a(xiic.o)
                0x84c05e64                XIic_GetAddress
                0x84c05df8                XIic_SetGpOutput
                0x84c05c08                XIic_SetSendHandler
                0x84c05c88                XIic_SetRecvHandler
                0x84c061a0                XIic_CfgInitialize
                0x84c05f04                XIic_SetAddress
                0x84c05d00                XIic_IsSlave
                0x84c05d5c                XIic_GetGpOutput
                0x84c05fd4                XIic_Reset
                0x84c06040                XIic_Stop
                0x84c05b88                XIic_SetStatusHandler
                0x84c05b1c                XIic_IsIicBusy
                0x84c060d0                XIic_Start
 .text          0x84c06274      0x3a4 ../../uCOS-II_bsp_0/microblaze_0/lib/libxil.a(xiic_intr.o)
                0x84c06330                XIic_InterruptHandler
                0x84c06274                XIic_TransmitFifoFill
 .text          0x84c06618      0x79c ../../uCOS-II_bsp_0/microblaze_0/lib/libxil.a(xiic_master.o)
                0x84c06c14                XIic_MasterSend
                0x84c06678                XIic_MasterRecv
 .text          0x84c06db4       0xa8 ../../uCOS-II_bsp_0/microblaze_0/lib/libxil.a(xiic_sinit.o)
                0x84c06db4                XIic_LookupConfig
                0x84c06de0                XIic_Initialize
 .text          0x84c06e5c       0xec ../../uCOS-II_bsp_0/microblaze_0/lib/libxil.a(xiic_stats.o)
                0x84c06ebc                XIic_GetStats
                0x84c06e5c                XIic_ClearStats
 .text          0x84c06f48      0x674 ../../uCOS-II_bsp_0/microblaze_0/lib/libxil.a(xintc.o)
                0x84c06fc4                XIntc_Acknowledge
                0x84c073dc                XIntc_Start
                0x84c071b8                XIntc_Disconnect
                0x84c07280                XIntc_Connect
                0x84c07110                XIntc_Enable
                0x84c07064                XIntc_Disable
                0x84c074b0                XIntc_Initialize
                0x84c07370                XIntc_Stop
                0x84c06f48                XIntc_LookupConfig
 .text          0x84c075bc       0x40 ../../uCOS-II_bsp_0/microblaze_0/lib/libxil.a(xbasic_types.o)
                0x84c075f4                XNullHandler
                0x84c075bc                XAssert
                0x84c075e8                XAssertSetCallback
 .text          0x84c075fc       0x38 ../../uCOS-II_bsp_0/microblaze_0/lib/libxil.a(xil_assert.o)
                0x84c075fc                Xil_Assert
                0x84c07628                Xil_AssertSetCallback
 .text          0x84c07634       0x3c ../../uCOS-II_bsp_0/microblaze_0/lib/libc.a(exit.o)
                0x84c07634                exit
 .text          0x84c07670       0xf0 ../../uCOS-II_bsp_0/microblaze_0/lib/libc.a(printf.o)
                0x84c07670                printf
                0x84c076e8                _printf_r
 .text          0x84c07760       0x5c ../../uCOS-II_bsp_0/microblaze_0/lib/libc.a(strlen.o)
                0x84c07760                strlen
 .text          0x84c077bc     0x22ac ../../uCOS-II_bsp_0/microblaze_0/lib/libc.a(vfprintf.o)
                0x84c077bc                _vfprintf_r
                0x84c09a3c                vfprintf
 .text          0x84c09a68       0xe8 ../../uCOS-II_bsp_0/microblaze_0/lib/libc.a(wcrtomb.o)
                0x84c09a68                _wcrtomb_r
                0x84c09ad0                wcrtomb
 .text          0x84c09b50      0x2e8 ../../uCOS-II_bsp_0/microblaze_0/lib/libc.a(wcsrtombs.o)
                0x84c09b50                _wcsrtombs_r
                0x84c09cc4                wcsrtombs
 .text          0x84c09e38      0x458 ../../uCOS-II_bsp_0/microblaze_0/lib/libc.a(wctomb_r.o)
                0x84c09e38                _wctomb_r
 .text          0x84c0a290      0x150 ../../uCOS-II_bsp_0/microblaze_0/lib/libc.a(wsetup.o)
                0x84c0a290                __swsetup
 .text          0x84c0a3e0      0x1dc ../../uCOS-II_bsp_0/microblaze_0/lib/libc.a(__call_atexit.o)
                0x84c0a3e0                __call_exitprocs
 .text          0x84c0a5bc     0x18d8 ../../uCOS-II_bsp_0/microblaze_0/lib/libc.a(dtoa.o)
                0x84c0a81c                _dtoa_r
 .text          0x84c0be94      0x144 ../../uCOS-II_bsp_0/microblaze_0/lib/libc.a(fflush.o)
                0x84c0be94                fflush
 .text          0x84c0bfd8      0x684 ../../uCOS-II_bsp_0/microblaze_0/lib/libc.a(findfp.o)
                0x84c0c108                __sinit
                0x84c0c02c                __sfmoreglue
                0x84c0c0dc                _cleanup
                0x84c0c008                _cleanup_r
                0x84c0c0b4                __fp_lock_all
                0x84c0bfd8                __sfp_lock_acquire
                0x84c0c528                __sfp
                0x84c0bff0                __sinit_lock_release
                0x84c0c08c                __fp_unlock_all
                0x84c0bfe0                __sfp_lock_release
                0x84c0bfe8                __sinit_lock_acquire
 .text          0x84c0c65c      0x3c8 ../../uCOS-II_bsp_0/microblaze_0/lib/libc.a(freer.o)
                0x84c0c770                _free_r
                0x84c0c65c                _malloc_trim_r
 .text          0x84c0ca24      0x410 ../../uCOS-II_bsp_0/microblaze_0/lib/libc.a(fvwrite.o)
                0x84c0ca24                __sfvwrite
 .text          0x84c0ce34      0x18c ../../uCOS-II_bsp_0/microblaze_0/lib/libc.a(fwalk.o)
                0x84c0cf00                _fwalk
                0x84c0ce34                _fwalk_reent
 .text          0x84c0cfc0      0x150 ../../uCOS-II_bsp_0/microblaze_0/lib/libc.a(locale.o)
                0x84c0cfe0                _setlocale_r
                0x84c0cfc0                __locale_charset
                0x84c0cfd0                _localeconv_r
                0x84c0d080                setlocale
                0x84c0d070                localeconv
 .text          0x84c0d110      0x144 ../../uCOS-II_bsp_0/microblaze_0/lib/libc.a(makebuf.o)
                0x84c0d110                __smakebuf
 .text          0x84c0d254       0x48 ../../uCOS-II_bsp_0/microblaze_0/lib/libc.a(malloc.o)
                0x84c0d278                malloc
                0x84c0d254                free
 .text          0x84c0d29c      0x7fc ../../uCOS-II_bsp_0/microblaze_0/lib/libc.a(mallocr.o)
                0x84c0d29c                _malloc_r
 .text          0x84c0da98       0xe4 ../../uCOS-II_bsp_0/microblaze_0/lib/libc.a(memchr.o)
                0x84c0da98                memchr
 .text          0x84c0db7c       0xc0 ../../uCOS-II_bsp_0/microblaze_0/lib/libc.a(memcpy.o)
                0x84c0db7c                memcpy
 .text          0x84c0dc3c      0x108 ../../uCOS-II_bsp_0/microblaze_0/lib/libc.a(memmove.o)
                0x84c0dc3c                memmove
 .text          0x84c0dd44       0xb0 ../../uCOS-II_bsp_0/microblaze_0/lib/libc.a(memset.o)
                0x84c0dd44                memset
 .text          0x84c0ddf4       0x10 ../../uCOS-II_bsp_0/microblaze_0/lib/libc.a(mlock.o)
                0x84c0ddfc                __malloc_unlock
                0x84c0ddf4                __malloc_lock
 .text          0x84c0de04     0x1be4 ../../uCOS-II_bsp_0/microblaze_0/lib/libc.a(mprec.o)
                0x84c0e06c                _mprec_log10
                0x84c0de04                _hi0bits
                0x84c0e174                _Balloc
                0x84c0e6f8                _d2b
                0x84c0f228                _multiply
                0x84c0e3d8                _ratio
                0x84c0f5f4                _s2b
                0x84c0f4f8                _i2b
                0x84c0de80                _lo0bits
                0x84c0df78                __mcmp
                0x84c0f7e8                _pow5mult
                0x84c0dfdc                _ulp
                0x84c0e268                _b2d
                0x84c0ede0                _multadd
                0x84c0eac8                __mdiff
                0x84c0efdc                _lshift
                0x84c0e0f0                _Bfree
 .text          0x84c0f9e8      0x654 ../../uCOS-II_bsp_0/microblaze_0/lib/libc.a(reallocr.o)
                0x84c0f9e8                _realloc_r
 .text          0x84c1003c       0x50 ../../uCOS-II_bsp_0/microblaze_0/lib/libc.a(sbrkr.o)
                0x84c1003c                _sbrk_r
 .text          0x84c1008c      0x16c ../../uCOS-II_bsp_0/microblaze_0/lib/libc.a(stdio.o)
                0x84c100b0                __sseek
                0x84c10198                __sread
                0x84c1008c                __sclose
                0x84c10118                __swrite
 .text          0x84c101f8       0xb0 ../../uCOS-II_bsp_0/microblaze_0/lib/libc.a(strcmp.o)
                0x84c101f8                strcmp
 .text          0x84c102a8       0x58 ../../uCOS-II_bsp_0/microblaze_0/lib/libc.a(writer.o)
                0x84c102a8                _write_r
 .text          0x84c10300       0xbc ../../uCOS-II_bsp_0/microblaze_0/lib/libc.a(callocr.o)
                0x84c10300                _calloc_r
 .text          0x84c103bc       0x50 ../../uCOS-II_bsp_0/microblaze_0/lib/libc.a(closer.o)
                0x84c103bc                _close_r
 .text          0x84c1040c      0x1a4 ../../uCOS-II_bsp_0/microblaze_0/lib/libc.a(fclose.o)
                0x84c1040c                _fclose_r
                0x84c1058c                fclose
 .text          0x84c105b0       0x54 ../../uCOS-II_bsp_0/microblaze_0/lib/libc.a(fstatr.o)
                0x84c105b0                _fstat_r
 .text          0x84c10604       0x58 ../../uCOS-II_bsp_0/microblaze_0/lib/libc.a(lseekr.o)
                0x84c10604                _lseek_r
 .text          0x84c1065c       0x58 ../../uCOS-II_bsp_0/microblaze_0/lib/libc.a(readr.o)
                0x84c1065c                _read_r
 .text          0x84c106b4      0x2fc ../../uCOS-II_bsp_0/microblaze_0/lib/libc.a(reent.o)
                0x84c1073c                cleanup_glue
                0x84c10868                _reclaim_reent
                0x84c106b4                _wrapup_reent
 .text          0x84c109b0       0x38 ../../uCOS-II_bsp_0/microblaze_0/lib/libm.a(s_isinf.o)
                0x84c109b0                isinf
 .text          0x84c109e8       0x2c ../../uCOS-II_bsp_0/microblaze_0/lib/libm.a(s_isnan.o)
                0x84c109e8                isnan
 .text          0x84c10a14       0x14 ../../uCOS-II_bsp_0/microblaze_0/lib/libxil.a(fstat.o)
                0x84c10a14                fstat
 .text          0x84c10a28        0x8 ../../uCOS-II_bsp_0/microblaze_0/lib/libxil.a(isatty.o)
                0x84c10a28                isatty
 .text          0x84c10a30       0x28 ../../uCOS-II_bsp_0/microblaze_0/lib/libxil.a(lseek.o)
                0x84c10a30                lseek
 .text          0x84c10a58       0x60 ../../uCOS-II_bsp_0/microblaze_0/lib/libxil.a(sbrk.o)
                0x84c10a58                sbrk
 .text          0x84c10ab8       0x84 ../../uCOS-II_bsp_0/microblaze_0/lib/libxil.a(write.o)
                0x84c10ab8                write
 .text          0x84c10b3c       0x70 ../../uCOS-II_bsp_0/microblaze_0/lib/libxil.a(read.o)
                0x84c10b3c                read
 .text          0x84c10bac        0x8 ../../uCOS-II_bsp_0/microblaze_0/lib/libxil.a(close.o)
                0x84c10bac                close
 .text          0x84c10bb4        0xc ../../uCOS-II_bsp_0/microblaze_0/lib/libxil.a(errno.o)
                0x84c10bb4                __errno
 .text          0x84c10bc0       0x2c ../../uCOS-II_bsp_0/microblaze_0/lib/libxil.a(inbyte.o)
                0x84c10bc0                inbyte
 .text          0x84c10bec      0x6d4 /cygdrive/c/Xilinx/12.3/ISE_DS/EDK/gnu/microblaze/nt/bin/../lib/gcc/microblaze-xilinx-elf/4.1.2/bs/m/libgcc.a(_udivdi3.o)
                0x84c10bec                __udivdi3
 .text          0x84c112c0      0x6b8 /cygdrive/c/Xilinx/12.3/ISE_DS/EDK/gnu/microblaze/nt/bin/../lib/gcc/microblaze-xilinx-elf/4.1.2/bs/m/libgcc.a(_umoddi3.o)
                0x84c112c0                __umoddi3
 .text          0x84c11978      0x480 /cygdrive/c/Xilinx/12.3/ISE_DS/EDK/gnu/microblaze/nt/bin/../lib/gcc/microblaze-xilinx-elf/4.1.2/bs/m/libgcc.a(_addsub_df.o)
                0x84c11d6c                __adddf3
                0x84c11cd4                __subdf3
 .text          0x84c11df8      0x404 /cygdrive/c/Xilinx/12.3/ISE_DS/EDK/gnu/microblaze/nt/bin/../lib/gcc/microblaze-xilinx-elf/4.1.2/bs/m/libgcc.a(_mul_df.o)
                0x84c11df8                __muldf3
 .text          0x84c121fc      0x24c /cygdrive/c/Xilinx/12.3/ISE_DS/EDK/gnu/microblaze/nt/bin/../lib/gcc/microblaze-xilinx-elf/4.1.2/bs/m/libgcc.a(_div_df.o)
                0x84c121fc                __divdf3
 .text          0x84c12448       0xb4 /cygdrive/c/Xilinx/12.3/ISE_DS/EDK/gnu/microblaze/nt/bin/../lib/gcc/microblaze-xilinx-elf/4.1.2/bs/m/libgcc.a(_eq_df.o)
                0x84c12448                __eqdf2
 .text          0x84c124fc       0xb4 /cygdrive/c/Xilinx/12.3/ISE_DS/EDK/gnu/microblaze/nt/bin/../lib/gcc/microblaze-xilinx-elf/4.1.2/bs/m/libgcc.a(_ne_df.o)
                0x84c124fc                __nedf2
 .text          0x84c125b0       0xb4 /cygdrive/c/Xilinx/12.3/ISE_DS/EDK/gnu/microblaze/nt/bin/../lib/gcc/microblaze-xilinx-elf/4.1.2/bs/m/libgcc.a(_gt_df.o)
                0x84c125b0                __gtdf2
 .text          0x84c12664       0xb4 /cygdrive/c/Xilinx/12.3/ISE_DS/EDK/gnu/microblaze/nt/bin/../lib/gcc/microblaze-xilinx-elf/4.1.2/bs/m/libgcc.a(_ge_df.o)
                0x84c12664                __gedf2
 .text          0x84c12718       0xb4 /cygdrive/c/Xilinx/12.3/ISE_DS/EDK/gnu/microblaze/nt/bin/../lib/gcc/microblaze-xilinx-elf/4.1.2/bs/m/libgcc.a(_lt_df.o)
                0x84c12718                __ltdf2
 .text          0x84c127cc      0x118 /cygdrive/c/Xilinx/12.3/ISE_DS/EDK/gnu/microblaze/nt/bin/../lib/gcc/microblaze-xilinx-elf/4.1.2/bs/m/libgcc.a(_si_to_df.o)
                0x84c127cc                __floatsidf
 .text          0x84c128e4       0xd8 /cygdrive/c/Xilinx/12.3/ISE_DS/EDK/gnu/microblaze/nt/bin/../lib/gcc/microblaze-xilinx-elf/4.1.2/bs/m/libgcc.a(_df_to_si.o)
                0x84c128e4                __fixdfsi
 .text          0x84c129bc       0xac /cygdrive/c/Xilinx/12.3/ISE_DS/EDK/gnu/microblaze/nt/bin/../lib/gcc/microblaze-xilinx-elf/4.1.2/bs/m/libgcc.a(_muldi3.o)
                0x84c129bc                __muldi3
 .text          0x84c12a68      0x308 /cygdrive/c/Xilinx/12.3/ISE_DS/EDK/gnu/microblaze/nt/bin/../lib/gcc/microblaze-xilinx-elf/4.1.2/bs/m/libgcc.a(_pack_df.o)
                0x84c12a68                __pack_d
 .text          0x84c12d70      0x140 /cygdrive/c/Xilinx/12.3/ISE_DS/EDK/gnu/microblaze/nt/bin/../lib/gcc/microblaze-xilinx-elf/4.1.2/bs/m/libgcc.a(_unpack_df.o)
                0x84c12d70                __unpack_d
 .text          0x84c12eb0      0x110 /cygdrive/c/Xilinx/12.3/ISE_DS/EDK/gnu/microblaze/nt/bin/../lib/gcc/microblaze-xilinx-elf/4.1.2/bs/m/libgcc.a(_fpcmp_parts_df.o)
                0x84c12eb0                __fpcmp_parts_d
 .text          0x84c12fc0       0x40 /cygdrive/c/Xilinx/12.3/ISE_DS/EDK/gnu/microblaze/nt/bin/../lib/gcc/microblaze-xilinx-elf/4.1.2/bs/m/crtend.o
 *(.text.*)
 *(.gnu.linkonce.t.*)

.init           0x84c13000       0x28
 *(.init)
 .init          0x84c13000        0x8 /cygdrive/c/Xilinx/12.3/ISE_DS/EDK/gnu/microblaze/nt/bin/../lib/gcc/microblaze-xilinx-elf/4.1.2/bs/m/crti.o
                0x84c13000                __init
 .init          0x84c13008        0xc /cygdrive/c/Xilinx/12.3/ISE_DS/EDK/gnu/microblaze/nt/bin/../lib/gcc/microblaze-xilinx-elf/4.1.2/bs/m/crtbegin.o
 .init          0x84c13014        0x8 /cygdrive/c/Xilinx/12.3/ISE_DS/EDK/gnu/microblaze/nt/bin/../lib/gcc/microblaze-xilinx-elf/4.1.2/bs/m/crtend.o
                                  0xc (size before relaxing)
 .init          0x84c1301c        0xc /cygdrive/c/Xilinx/12.3/ISE_DS/EDK/gnu/microblaze/nt/bin/../lib/gcc/microblaze-xilinx-elf/4.1.2/bs/m/crtn.o

.fini           0x84c13028       0x20
 *(.fini)
 .fini          0x84c13028        0x8 /cygdrive/c/Xilinx/12.3/ISE_DS/EDK/gnu/microblaze/nt/bin/../lib/gcc/microblaze-xilinx-elf/4.1.2/bs/m/crti.o
                0x84c13028                __fini
 .fini          0x84c13030        0xc /cygdrive/c/Xilinx/12.3/ISE_DS/EDK/gnu/microblaze/nt/bin/../lib/gcc/microblaze-xilinx-elf/4.1.2/bs/m/crtbegin.o
 .fini          0x84c1303c        0xc /cygdrive/c/Xilinx/12.3/ISE_DS/EDK/gnu/microblaze/nt/bin/../lib/gcc/microblaze-xilinx-elf/4.1.2/bs/m/crtn.o

.rodata         0x84c13048     0x112c
                0x84c13048                __rodata_start = .
 *(.rodata)
 .rodata        0x84c13048      0x180 ./src/application.o
 .rodata        0x84c131c8      0x4d5 ./src/bsp.o
 *fill*         0x84c1369d        0x3 00
 .rodata        0x84c136a0      0x164 ../../uCOS-II_bsp_0/microblaze_0/lib/libxil.a(xil_printf.o)
 .rodata        0x84c13804      0x124 ../../uCOS-II_bsp_0/microblaze_0/lib/libxil.a(os_core.o)
                0x84c13828                OSUnMapTbl
 .rodata        0x84c13928        0x2 ../../uCOS-II_bsp_0/microblaze_0/lib/libxil.a(os_flag.o)
 *fill*         0x84c1392a        0x2 00
 .rodata        0x84c1392c        0x2 ../../uCOS-II_bsp_0/microblaze_0/lib/libxil.a(os_mem.o)
 *fill*         0x84c1392e        0x2 00
 .rodata        0x84c13930        0x2 ../../uCOS-II_bsp_0/microblaze_0/lib/libxil.a(os_q.o)
 *fill*         0x84c13932        0x2 00
 .rodata        0x84c13934        0xc ../../uCOS-II_bsp_0/microblaze_0/lib/libxil.a(xuartlite.o)
 .rodata        0x84c13940       0x11 ../../uCOS-II_bsp_0/microblaze_0/lib/libxil.a(xuartlite_intr.o)
 *fill*         0x84c13951        0x3 00
 .rodata        0x84c13954       0x15 ../../uCOS-II_bsp_0/microblaze_0/lib/libxil.a(xuartlite_selftest.o)
 *fill*         0x84c13969        0x3 00
 .rodata        0x84c1396c       0x12 ../../uCOS-II_bsp_0/microblaze_0/lib/libxil.a(xuartlite_sinit.o)
 *fill*         0x84c1397e        0x2 00
 .rodata        0x84c13980       0x12 ../../uCOS-II_bsp_0/microblaze_0/lib/libxil.a(xuartlite_stats.o)
 *fill*         0x84c13992        0x2 00
 .rodata        0x84c13994        0x7 ../../uCOS-II_bsp_0/microblaze_0/lib/libxil.a(xiic.o)
 *fill*         0x84c1399b        0x1 00
 .rodata        0x84c1399c        0xc ../../uCOS-II_bsp_0/microblaze_0/lib/libxil.a(xiic_intr.o)
 .rodata        0x84c139a8        0xd ../../uCOS-II_bsp_0/microblaze_0/lib/libxil.a(xiic_sinit.o)
 *fill*         0x84c139b5        0x3 00
 .rodata        0x84c139b8        0xd ../../uCOS-II_bsp_0/microblaze_0/lib/libxil.a(xiic_stats.o)
 *fill*         0x84c139c5        0x3 00
 .rodata        0x84c139c8        0x8 ../../uCOS-II_bsp_0/microblaze_0/lib/libxil.a(xintc.o)
 .rodata        0x84c139d0      0x284 ../../uCOS-II_bsp_0/microblaze_0/lib/libc.a(ctype_.o)
                0x84c139d0                _ctype_
 .rodata        0x84c13c54        0x6 ../../uCOS-II_bsp_0/microblaze_0/lib/libc.a(impure.o)
                0x84c13c54                _global_impure_ptr
 *fill*         0x84c13c5a        0x2 00
 .rodata        0x84c13c5c      0x1e8 ../../uCOS-II_bsp_0/microblaze_0/lib/libc.a(vfprintf.o)
 .rodata        0x84c13e44       0x1e ../../uCOS-II_bsp_0/microblaze_0/lib/libc.a(wctomb_r.o)
 *fill*         0x84c13e62        0x2 00
 .rodata        0x84c13e64       0x2c ../../uCOS-II_bsp_0/microblaze_0/lib/libc.a(dtoa.o)
 .rodata        0x84c13e90       0x60 ../../uCOS-II_bsp_0/microblaze_0/lib/libc.a(findfp.o)
                0x84c13ed0                __sf_fake_stderr
                0x84c13e90                __sf_fake_stdin
                0x84c13eb0                __sf_fake_stdout
 .rodata        0x84c13ef0       0x4c ../../uCOS-II_bsp_0/microblaze_0/lib/libc.a(locale.o)
 .rodata        0x84c13f3c      0x124 ../../uCOS-II_bsp_0/microblaze_0/lib/libc.a(mprec.o)
                0x84c1402c                __mprec_tinytens
                0x84c13f3c                __mprec_tens
                0x84c14004                __mprec_bigtens
 .rodata        0x84c14060       0x14 /cygdrive/c/Xilinx/12.3/ISE_DS/EDK/gnu/microblaze/nt/bin/../lib/gcc/microblaze-xilinx-elf/4.1.2/bs/m/libgcc.a(_thenan_df.o)
                0x84c14060                __thenan_df
 .rodata        0x84c14074      0x100 /cygdrive/c/Xilinx/12.3/ISE_DS/EDK/gnu/microblaze/nt/bin/../lib/gcc/microblaze-xilinx-elf/4.1.2/bs/m/libgcc.a(_clz.o)
                0x84c14074                __clz_tab
 *(.rodata.*)
 *(.gnu.linkonce.r.*)
                0x84c14174                __rodata_end = .

.sdata2         0x84c14174        0x4
                0x84c14178                . = ALIGN (0x8)
 *fill*         0x84c14174        0x4 00
 *fill*         0x84c14178        0x0 00
 *fill*         0x84c14178        0x0 00
                0x84c14178                __sdata2_start = .
 *(.sdata2)
 *(.sdata2.*)
 *(.gnu.linkonce.s2.*)
                0x84c14178                . = ALIGN (0x8)
                0x84c14178                __sdata2_end = .

.sbss2          0x84c14178        0x0
                0x84c14178                __sbss2_start = .
 *(.sbss2)
 *(.sbss2.*)
 *(.gnu.linkonce.sb2.*)
                0x84c14178                __sbss2_end = .

.data           0x00000050      0x5c4
                0x00000050                . = ALIGN (0x4)
                0x00000050                __data_start = .
 *(.data)
 .data          0x00000050        0xc /cygdrive/c/Xilinx/12.3/ISE_DS/EDK/gnu/microblaze/nt/bin/../lib/gcc/microblaze-xilinx-elf/4.1.2/bs/m/crtbegin.o
                0x00000054                __dso_handle
 .data          0x0000005c       0x20 ../../uCOS-II_bsp_0/microblaze_0/lib/libxil.a(xiic_intr.o)
                0x00000060                XIic_NotAddrAsSlaveFuncPtr
                0x00000070                XIic_SendMasterFuncPtr
                0x00000064                XIic_RecvSlaveFuncPtr
                0x00000068                XIic_SendSlaveFuncPtr
                0x00000074                XIic_ArbLostFuncPtr
                0x0000005c                XIic_AddrAsSlaveFuncPtr
                0x00000078                XIic_BusNotBusyFuncPtr
                0x0000006c                XIic_RecvMasterFuncPtr
 .data          0x0000007c       0x30 ../../uCOS-II_bsp_0/microblaze_0/lib/libxil.a(xintc_g.o)
                0x0000007c                XIntc_ConfigTable
 .data          0x000000ac        0x2 ../../uCOS-II_bsp_0/microblaze_0/lib/libxil.a(xtmrctr_l.o)
                0x000000ac                XTmrCtr_Offsets
 *fill*         0x000000ae        0x2 00
 .data          0x000000b0        0x4 ../../uCOS-II_bsp_0/microblaze_0/lib/libxil.a(xbasic_types.o)
                0x000000b0                XWaitInAssert
 .data          0x000000b4        0x4 ../../uCOS-II_bsp_0/microblaze_0/lib/libxil.a(xil_assert.o)
                0x000000b4                Xil_AssertWait
 .data          0x000000b8       0x30 ../../uCOS-II_bsp_0/microblaze_0/lib/libxil.a(xuartlite_g.o)
                0x000000b8                XUartLite_ConfigTable
 .data          0x000000e8       0x10 ../../uCOS-II_bsp_0/microblaze_0/lib/libxil.a(xiic_g.o)
                0x000000e8                XIic_ConfigTable
 .data          0x000000f8        0x4 ../../uCOS-II_bsp_0/microblaze_0/lib/libc.a(ctype_.o)
                0x000000f8                __ctype_ptr
 .data          0x000000fc       0xf4 ../../uCOS-II_bsp_0/microblaze_0/lib/libc.a(impure.o)
                0x000000fc                _impure_ptr
 .data          0x000001f0       0x10 ../../uCOS-II_bsp_0/microblaze_0/lib/libc.a(locale.o)
                0x000001f0                __mb_cur_max
                0x000001f4                __lc_ctype
 .data          0x00000200      0x410 ../../uCOS-II_bsp_0/microblaze_0/lib/libc.a(mallocr.o)
                0x0000060c                __malloc_sbrk_base
                0x00000200                __malloc_av_
                0x00000608                __malloc_trim_threshold
 .data          0x00000610        0x4 /cygdrive/c/Xilinx/12.3/ISE_DS/EDK/gnu/microblaze/nt/bin/../lib/gcc/microblaze-xilinx-elf/4.1.2/bs/m/crtend.o
 *(.data.*)
 *(.gnu.linkonce.d.*)
                0x00000614                __data_end = .

.got
 *(.got)

.got1
 *(.got1)

.got2
 *(.got2)

.ctors          0x00000614        0x8
                0x00000614                __CTOR_LIST__ = .
                0x00000614                ___CTORS_LIST___ = .
 *crtbegin.o(.ctors)
 .ctors         0x00000614        0x4 /cygdrive/c/Xilinx/12.3/ISE_DS/EDK/gnu/microblaze/nt/bin/../lib/gcc/microblaze-xilinx-elf/4.1.2/bs/m/crtbegin.o
 *(EXCLUDE_FILE(*crtend.o) .ctors)
 *(SORT(.ctors.*))
 *(.ctors)
 .ctors         0x00000618        0x4 /cygdrive/c/Xilinx/12.3/ISE_DS/EDK/gnu/microblaze/nt/bin/../lib/gcc/microblaze-xilinx-elf/4.1.2/bs/m/crtend.o
                0x0000061c                __CTOR_END__ = .
                0x0000061c                ___CTORS_END___ = .

.dtors          0x0000061c        0x8
                0x0000061c                __DTOR_LIST__ = .
                0x0000061c                ___DTORS_LIST___ = .
 *crtbegin.o(.dtors)
 .dtors         0x0000061c        0x4 /cygdrive/c/Xilinx/12.3/ISE_DS/EDK/gnu/microblaze/nt/bin/../lib/gcc/microblaze-xilinx-elf/4.1.2/bs/m/crtbegin.o
 *(EXCLUDE_FILE(*crtend.o) .dtors)
 *(SORT(.dtors.*))
 *(.dtors)
 .dtors         0x00000620        0x4 /cygdrive/c/Xilinx/12.3/ISE_DS/EDK/gnu/microblaze/nt/bin/../lib/gcc/microblaze-xilinx-elf/4.1.2/bs/m/crtend.o
                0x00000624                __DTOR_END__ = .
                0x00000624                ___DTORS_END___ = .

.eh_frame       0x00000624        0x4
 *(.eh_frame)
 .eh_frame      0x00000624        0x4 /cygdrive/c/Xilinx/12.3/ISE_DS/EDK/gnu/microblaze/nt/bin/../lib/gcc/microblaze-xilinx-elf/4.1.2/bs/m/crtend.o

.jcr            0x00000628        0x4
 *(.jcr)
 .jcr           0x00000628        0x4 /cygdrive/c/Xilinx/12.3/ISE_DS/EDK/gnu/microblaze/nt/bin/../lib/gcc/microblaze-xilinx-elf/4.1.2/bs/m/crtend.o

.gcc_except_table
 *(.gcc_except_table)

.sdata          0x0000062c        0x4
                0x00000630                . = ALIGN (0x8)
 *fill*         0x0000062c        0x4 00
 *fill*         0x00000630        0x0 00
 *fill*         0x00000630        0x0 00
 *fill*         0x00000630        0x0 00
                0x00000630                __sdata_start = .
 *(.sdata)
 *(.sdata.*)
 *(.gnu.linkonce.s.*)
                0x00000630                __sdata_end = .

.sbss           0x00000630        0x0
                0x00000630                . = ALIGN (0x4)
                0x00000630                __sbss_start = .
 *(.sbss)
 *(.sbss.*)
 *(.gnu.linkonce.sb.*)
                0x00000630                . = ALIGN (0x8)
                0x00000630                __sbss_end = .

.tdata          0x00000630        0x0
                0x00000630                __tdata_start = .
 *(.tdata)
 *(.tdata.*)
 *(.gnu.linkonce.td.*)
                0x00000630                __tdata_end = .

.tbss           0x00000630        0x0
                0x00000630                __tbss_start = .
 *(.tbss)
 *(.tbss.*)
 *(.gnu.linkonce.tb.*)
                0x00000630                __tbss_end = .

.bss            0x00000630     0x1b18
                0x00000630                . = ALIGN (0x4)
                0x00000630                __bss_start = .
 *(.bss)
 .bss           0x00000630       0x1c /cygdrive/c/Xilinx/12.3/ISE_DS/EDK/gnu/microblaze/nt/bin/../lib/gcc/microblaze-xilinx-elf/4.1.2/bs/m/crtbegin.o
 .bss           0x0000064c      0xc00 ./src/application.o
 .bss           0x0000124c       0x15 ./src/bsp.o
                0x0000124d                sSendUARTMSP430Sem
                0x0000124c                sCommandSem
                0x0000124e                waitingresponse
 *fill*         0x00001261        0x3 00
 .bss           0x00001264        0x4 ../../uCOS-II_bsp_0/microblaze_0/lib/libxil.a(xbasic_types.o)
 .bss           0x00001268        0x4 ../../uCOS-II_bsp_0/microblaze_0/lib/libxil.a(xil_assert.o)
 .bss           0x0000126c        0xc ../../uCOS-II_bsp_0/microblaze_0/lib/libc.a(locale.o)
                0x0000126c                __nlocale_changed
                0x00001270                __mlocale_changed
                0x00001274                _PathLocale
 .bss           0x00001278       0x34 ../../uCOS-II_bsp_0/microblaze_0/lib/libc.a(mallocr.o)
                0x00001278                __malloc_top_pad
                0x0000127c                __malloc_max_sbrked_mem
                0x00001284                __malloc_current_mallinfo
                0x00001280                __malloc_max_total_mem
 .bss           0x000012ac        0x4 ../../uCOS-II_bsp_0/microblaze_0/lib/libxil.a(sbrk.o)
 *(.bss.*)
 *(.gnu.linkonce.b.*)
 *(COMMON)
 COMMON         0x000012b0       0x93 ./src/application.o
                0x000012b0                IicInstance
                0x0000130c                WriteBuffer
                0x00001318                ReadBuffer
                0x00001321                ReceiveComplete
                0x00001322                tecla
                0x00001323                DEBUG
                0x00001324                SendBuffer
                0x00001330                ReceiveBuffer
                0x0000133c                comando
                0x00001342                TransmitComplete
 *fill*         0x00001343        0x1 00
 COMMON         0x00001344       0xac ./src/bsp.o
                0x00001344                int_ctl
                0x00001358                UartLite1
                0x000013a4                UartLite2
 COMMON         0x000013f0      0xd3c ../../uCOS-II_bsp_0/microblaze_0/lib/libxil.a(os_core.o)
                0x000013f0                OSLockNesting
                0x000013f1                OSRunning
                0x000013f4                OSIdleCtr
                0x000013f8                OSPrioHighRdy
                0x000013fc                OSFlagTbl
                0x0000141c                OSPrioCur
                0x00001420                OSTCBList
                0x00001424                OSMemTbl
                0x00001454                OSTaskStatStk
                0x00001854                OSCtxSwCtr
                0x00001858                OSIdleCtrMax
                0x0000185c                OSTCBFreeList
                0x00001860                OSCPUUsage
                0x00001861                OSTaskCtr
                0x00001864                OSMemFreeList
                0x00001868                OSQTbl
                0x00001898                OSTCBHighRdy
                0x0000189c                OSQFreeList
                0x000018a0                OSRdyGrp
                0x000018a4                OSRdyTbl
                0x000018a8                OSEventFreeList
                0x000018ac                OSIntNesting
                0x000018b0                OSTCBCur
                0x000018b4                OSTaskIdleStk
                0x00001cb4                OSEventTbl
                0x00001cdc                OSTCBTbl
                0x000020cc                OSFlagFreeList
                0x000020d0                OSStatRdy
                0x000020d4                OSTCBPrioTbl
                0x00002128                OSIdleCtrRun
 COMMON         0x0000212c       0x10 ../../uCOS-II_bsp_0/microblaze_0/lib/libxil.a(xintc.o)
                0x0000212c                XIntc_BitPosMask
 COMMON         0x0000213c        0x4 ../../uCOS-II_bsp_0/microblaze_0/lib/libxil.a(xbasic_types.o)
                0x0000213c                XAssertStatus
 COMMON         0x00002140        0x4 ../../uCOS-II_bsp_0/microblaze_0/lib/libxil.a(xil_assert.o)
                0x00002140                Xil_AssertStatus
 COMMON         0x00002144        0x4 ../../uCOS-II_bsp_0/microblaze_0/lib/libc.a(reent.o)
                0x00002144                errno
                0x00002148                . = ALIGN (0x4)
                0x00002148                __bss_end = .
                0x00000630                _SDA_BASE_ = (__sdata_start + ((__sbss_end - __sdata_start) / 0x2))
                0x84c14178                _SDA2_BASE_ = (__sdata2_start + ((__sbss2_end - __sdata2_start) / 0x2))

.rela.dyn

.heap           0x00002148      0x400
                0x00002148                . = ALIGN (0x8)
                0x00002148                _heap = .
                0x00002148                _heap_start = .
                0x00002548                . = (. + _HEAP_SIZE)
 *fill*         0x00002148      0x400 00
 *fill*         0x00002548        0x0 00
 *fill*         0x00002548        0x0 00
 *fill*         0x00002548        0x0 00
                0x00002548                _heap_end = .

.stack          0x00002548      0x400
                0x00002548                _stack_end = .
                0x00002948                . = (. + _STACK_SIZE)
 *fill*         0x00002548      0x400 00
 *fill*         0x00002948        0x0 00
 *fill*         0x00002948        0x0 00
 *fill*         0x00002948        0x0 00
                0x00002948                . = ALIGN (0x8)
                0x00002948                _stack = .
                0x00002948                __stack = _stack
                0x00002948                _end = .
OUTPUT(application.elf elf32-microblaze)

.debug_line     0x00000000     0x8e58
 .debug_line    0x00000000       0xa3 /cygdrive/c/Xilinx/12.3/ISE_DS/EDK/gnu/microblaze/nt/bin/../lib/gcc/microblaze-xilinx-elf/4.1.2/../../../../microblaze-xilinx-elf/lib/bs/m/crt0.o
 .debug_line    0x000000a3       0x80 /cygdrive/c/Xilinx/12.3/ISE_DS/EDK/gnu/microblaze/nt/bin/../lib/gcc/microblaze-xilinx-elf/4.1.2/../../../../microblaze-xilinx-elf/lib/bs/m/crtinit.o
 .debug_line    0x00000123       0x86 /cygdrive/c/Xilinx/12.3/ISE_DS/EDK/gnu/microblaze/nt/bin/../lib/gcc/microblaze-xilinx-elf/4.1.2/bs/m/libgcc.a(modsi3.o)
 .debug_line    0x000001a9       0x8f /cygdrive/c/Xilinx/12.3/ISE_DS/EDK/gnu/microblaze/nt/bin/../lib/gcc/microblaze-xilinx-elf/4.1.2/bs/m/libgcc.a(umodsi3.o)
 .debug_line    0x00000238       0x87 /cygdrive/c/Xilinx/12.3/ISE_DS/EDK/gnu/microblaze/nt/bin/../lib/gcc/microblaze-xilinx-elf/4.1.2/bs/m/libgcc.a(divsi3.o)
 .debug_line    0x000002bf       0x8b /cygdrive/c/Xilinx/12.3/ISE_DS/EDK/gnu/microblaze/nt/bin/../lib/gcc/microblaze-xilinx-elf/4.1.2/bs/m/libgcc.a(udivsi3.o)
 .debug_line    0x0000034a      0x4f8 ../../uCOS-II_bsp_0/microblaze_0/lib/libxil.a(xil_printf.o)
 .debug_line    0x00000842       0x6a ../../uCOS-II_bsp_0/microblaze_0/lib/libxil.a(_exception_handler.o)
 .debug_line    0x000008ac       0x66 ../../uCOS-II_bsp_0/microblaze_0/lib/libxil.a(_program_clean.o)
 .debug_line    0x00000912       0x65 ../../uCOS-II_bsp_0/microblaze_0/lib/libxil.a(_program_init.o)
 .debug_line    0x00000977       0x44 ../../uCOS-II_bsp_0/microblaze_0/lib/libxil.a(hw_exception_handler.o)
 .debug_line    0x000009bb     0x1194 ../../uCOS-II_bsp_0/microblaze_0/lib/libxil.a(os_core.o)
 .debug_line    0x00001b4f      0x152 ../../uCOS-II_bsp_0/microblaze_0/lib/libxil.a(os_cpu_a.o)
 .debug_line    0x00001ca1      0x2f1 ../../uCOS-II_bsp_0/microblaze_0/lib/libxil.a(os_cpu_c.o)
 .debug_line    0x00001f92      0x829 ../../uCOS-II_bsp_0/microblaze_0/lib/libxil.a(os_flag.o)
 .debug_line    0x000027bb      0x386 ../../uCOS-II_bsp_0/microblaze_0/lib/libxil.a(os_mem.o)
 .debug_line    0x00002b41      0x4c5 ../../uCOS-II_bsp_0/microblaze_0/lib/libxil.a(os_q.o)
 .debug_line    0x00003006      0x637 ../../uCOS-II_bsp_0/microblaze_0/lib/libxil.a(os_task.o)
 .debug_line    0x0000363d      0x162 ../../uCOS-II_bsp_0/microblaze_0/lib/libxil.a(os_time.o)
 .debug_line    0x0000379f       0x8b ../../uCOS-II_bsp_0/microblaze_0/lib/libxil.a(outbyte.o)
 .debug_line    0x0000382a      0x562 ../../uCOS-II_bsp_0/microblaze_0/lib/libxil.a(xuartlite.o)
 .debug_line    0x00003d8c      0x32c ../../uCOS-II_bsp_0/microblaze_0/lib/libxil.a(xuartlite_intr.o)
 .debug_line    0x000040b8       0xb7 ../../uCOS-II_bsp_0/microblaze_0/lib/libxil.a(xuartlite_l.o)
 .debug_line    0x0000416f       0xee ../../uCOS-II_bsp_0/microblaze_0/lib/libxil.a(xuartlite_selftest.o)
 .debug_line    0x0000425d      0x11c ../../uCOS-II_bsp_0/microblaze_0/lib/libxil.a(xuartlite_sinit.o)
 .debug_line    0x00004379      0x1ff ../../uCOS-II_bsp_0/microblaze_0/lib/libxil.a(xuartlite_stats.o)
 .debug_line    0x00004578      0x72e ../../uCOS-II_bsp_0/microblaze_0/lib/libxil.a(xiic.o)
 .debug_line    0x00004ca6      0x414 ../../uCOS-II_bsp_0/microblaze_0/lib/libxil.a(xiic_intr.o)
 .debug_line    0x000050ba      0x792 ../../uCOS-II_bsp_0/microblaze_0/lib/libxil.a(xiic_master.o)
 .debug_line    0x0000584c      0x10d ../../uCOS-II_bsp_0/microblaze_0/lib/libxil.a(xiic_sinit.o)
 .debug_line    0x00005959      0x155 ../../uCOS-II_bsp_0/microblaze_0/lib/libxil.a(xiic_stats.o)
 .debug_line    0x00005aae      0x6d7 ../../uCOS-II_bsp_0/microblaze_0/lib/libxil.a(xintc.o)
 .debug_line    0x00006185       0x98 ../../uCOS-II_bsp_0/microblaze_0/lib/libxil.a(xintc_g.o)
 .debug_line    0x0000621d       0x53 ../../uCOS-II_bsp_0/microblaze_0/lib/libxil.a(xtmrctr_l.o)
 .debug_line    0x00006270       0xc2 ../../uCOS-II_bsp_0/microblaze_0/lib/libxil.a(xbasic_types.o)
 .debug_line    0x00006332       0xbd ../../uCOS-II_bsp_0/microblaze_0/lib/libxil.a(xil_assert.o)
 .debug_line    0x000063ef       0x93 ../../uCOS-II_bsp_0/microblaze_0/lib/libxil.a(xuartlite_g.o)
 .debug_line    0x00006482       0x89 ../../uCOS-II_bsp_0/microblaze_0/lib/libxil.a(xiic_g.o)
 .debug_line    0x0000650b      0x161 ../../uCOS-II_bsp_0/microblaze_0/lib/libxil.a(fstat.o)
 .debug_line    0x0000666c       0x68 ../../uCOS-II_bsp_0/microblaze_0/lib/libxil.a(isatty.o)
 .debug_line    0x000066d4      0x144 ../../uCOS-II_bsp_0/microblaze_0/lib/libxil.a(lseek.o)
 .debug_line    0x00006818      0x15f ../../uCOS-II_bsp_0/microblaze_0/lib/libxil.a(sbrk.o)
 .debug_line    0x00006977       0xbf ../../uCOS-II_bsp_0/microblaze_0/lib/libxil.a(write.o)
 .debug_line    0x00006a36       0x9e ../../uCOS-II_bsp_0/microblaze_0/lib/libxil.a(read.o)
 .debug_line    0x00006ad4       0x67 ../../uCOS-II_bsp_0/microblaze_0/lib/libxil.a(close.o)
 .debug_line    0x00006b3b      0x18a ../../uCOS-II_bsp_0/microblaze_0/lib/libxil.a(errno.o)
 .debug_line    0x00006cc5       0x8a ../../uCOS-II_bsp_0/microblaze_0/lib/libxil.a(inbyte.o)
 .debug_line    0x00006d4f      0x31c /cygdrive/c/Xilinx/12.3/ISE_DS/EDK/gnu/microblaze/nt/bin/../lib/gcc/microblaze-xilinx-elf/4.1.2/bs/m/libgcc.a(_udivdi3.o)
 .debug_line    0x0000706b      0x3d4 /cygdrive/c/Xilinx/12.3/ISE_DS/EDK/gnu/microblaze/nt/bin/../lib/gcc/microblaze-xilinx-elf/4.1.2/bs/m/libgcc.a(_umoddi3.o)
 .debug_line    0x0000743f      0x40e /cygdrive/c/Xilinx/12.3/ISE_DS/EDK/gnu/microblaze/nt/bin/../lib/gcc/microblaze-xilinx-elf/4.1.2/bs/m/libgcc.a(_addsub_df.o)
 .debug_line    0x0000784d      0x3a1 /cygdrive/c/Xilinx/12.3/ISE_DS/EDK/gnu/microblaze/nt/bin/../lib/gcc/microblaze-xilinx-elf/4.1.2/bs/m/libgcc.a(_mul_df.o)
 .debug_line    0x00007bee      0x270 /cygdrive/c/Xilinx/12.3/ISE_DS/EDK/gnu/microblaze/nt/bin/../lib/gcc/microblaze-xilinx-elf/4.1.2/bs/m/libgcc.a(_div_df.o)
 .debug_line    0x00007e5e      0x120 /cygdrive/c/Xilinx/12.3/ISE_DS/EDK/gnu/microblaze/nt/bin/../lib/gcc/microblaze-xilinx-elf/4.1.2/bs/m/libgcc.a(_eq_df.o)
 .debug_line    0x00007f7e      0x120 /cygdrive/c/Xilinx/12.3/ISE_DS/EDK/gnu/microblaze/nt/bin/../lib/gcc/microblaze-xilinx-elf/4.1.2/bs/m/libgcc.a(_ne_df.o)
 .debug_line    0x0000809e      0x128 /cygdrive/c/Xilinx/12.3/ISE_DS/EDK/gnu/microblaze/nt/bin/../lib/gcc/microblaze-xilinx-elf/4.1.2/bs/m/libgcc.a(_gt_df.o)
 .debug_line    0x000081c6      0x128 /cygdrive/c/Xilinx/12.3/ISE_DS/EDK/gnu/microblaze/nt/bin/../lib/gcc/microblaze-xilinx-elf/4.1.2/bs/m/libgcc.a(_ge_df.o)
 .debug_line    0x000082ee      0x120 /cygdrive/c/Xilinx/12.3/ISE_DS/EDK/gnu/microblaze/nt/bin/../lib/gcc/microblaze-xilinx-elf/4.1.2/bs/m/libgcc.a(_lt_df.o)
 .debug_line    0x0000840e      0x144 /cygdrive/c/Xilinx/12.3/ISE_DS/EDK/gnu/microblaze/nt/bin/../lib/gcc/microblaze-xilinx-elf/4.1.2/bs/m/libgcc.a(_si_to_df.o)
 .debug_line    0x00008552      0x158 /cygdrive/c/Xilinx/12.3/ISE_DS/EDK/gnu/microblaze/nt/bin/../lib/gcc/microblaze-xilinx-elf/4.1.2/bs/m/libgcc.a(_df_to_si.o)
 .debug_line    0x000086aa       0x83 /cygdrive/c/Xilinx/12.3/ISE_DS/EDK/gnu/microblaze/nt/bin/../lib/gcc/microblaze-xilinx-elf/4.1.2/bs/m/libgcc.a(_thenan_df.o)
 .debug_line    0x0000872d      0x13f /cygdrive/c/Xilinx/12.3/ISE_DS/EDK/gnu/microblaze/nt/bin/../lib/gcc/microblaze-xilinx-elf/4.1.2/bs/m/libgcc.a(_muldi3.o)
 .debug_line    0x0000886c       0xc2 /cygdrive/c/Xilinx/12.3/ISE_DS/EDK/gnu/microblaze/nt/bin/../lib/gcc/microblaze-xilinx-elf/4.1.2/bs/m/libgcc.a(_clz.o)
 .debug_line    0x0000892e      0x1cf /cygdrive/c/Xilinx/12.3/ISE_DS/EDK/gnu/microblaze/nt/bin/../lib/gcc/microblaze-xilinx-elf/4.1.2/bs/m/libgcc.a(_pack_df.o)
 .debug_line    0x00008afd      0x1ef /cygdrive/c/Xilinx/12.3/ISE_DS/EDK/gnu/microblaze/nt/bin/../lib/gcc/microblaze-xilinx-elf/4.1.2/bs/m/libgcc.a(_unpack_df.o)
 .debug_line    0x00008cec      0x16c /cygdrive/c/Xilinx/12.3/ISE_DS/EDK/gnu/microblaze/nt/bin/../lib/gcc/microblaze-xilinx-elf/4.1.2/bs/m/libgcc.a(_fpcmp_parts_df.o)

.debug_info     0x00000000     0xb712
 .debug_info    0x00000000       0x9f /cygdrive/c/Xilinx/12.3/ISE_DS/EDK/gnu/microblaze/nt/bin/../lib/gcc/microblaze-xilinx-elf/4.1.2/../../../../microblaze-xilinx-elf/lib/bs/m/crt0.o
 .debug_info    0x0000009f       0xaa /cygdrive/c/Xilinx/12.3/ISE_DS/EDK/gnu/microblaze/nt/bin/../lib/gcc/microblaze-xilinx-elf/4.1.2/../../../../microblaze-xilinx-elf/lib/bs/m/crtinit.o
 .debug_info    0x00000149       0x82 /cygdrive/c/Xilinx/12.3/ISE_DS/EDK/gnu/microblaze/nt/bin/../lib/gcc/microblaze-xilinx-elf/4.1.2/bs/m/libgcc.a(modsi3.o)
 .debug_info    0x000001cb       0x83 /cygdrive/c/Xilinx/12.3/ISE_DS/EDK/gnu/microblaze/nt/bin/../lib/gcc/microblaze-xilinx-elf/4.1.2/bs/m/libgcc.a(umodsi3.o)
 .debug_info    0x0000024e       0x82 /cygdrive/c/Xilinx/12.3/ISE_DS/EDK/gnu/microblaze/nt/bin/../lib/gcc/microblaze-xilinx-elf/4.1.2/bs/m/libgcc.a(divsi3.o)
 .debug_info    0x000002d0       0x83 /cygdrive/c/Xilinx/12.3/ISE_DS/EDK/gnu/microblaze/nt/bin/../lib/gcc/microblaze-xilinx-elf/4.1.2/bs/m/libgcc.a(udivsi3.o)
 .debug_info    0x00000353      0x34f ../../uCOS-II_bsp_0/microblaze_0/lib/libxil.a(xil_printf.o)
 .debug_info    0x000006a2       0xb5 ../../uCOS-II_bsp_0/microblaze_0/lib/libxil.a(_exception_handler.o)
 .debug_info    0x00000757       0xb1 ../../uCOS-II_bsp_0/microblaze_0/lib/libxil.a(_program_clean.o)
 .debug_info    0x00000808       0xb0 ../../uCOS-II_bsp_0/microblaze_0/lib/libxil.a(_program_init.o)
 .debug_info    0x000008b8       0xc2 ../../uCOS-II_bsp_0/microblaze_0/lib/libxil.a(hw_exception_handler.o)
 .debug_info    0x0000097a     0x1052 ../../uCOS-II_bsp_0/microblaze_0/lib/libxil.a(os_core.o)
 .debug_info    0x000019cc       0xb6 ../../uCOS-II_bsp_0/microblaze_0/lib/libxil.a(os_cpu_a.o)
 .debug_info    0x00001a82      0x4b2 ../../uCOS-II_bsp_0/microblaze_0/lib/libxil.a(os_cpu_c.o)
 .debug_info    0x00001f34      0x8a6 ../../uCOS-II_bsp_0/microblaze_0/lib/libxil.a(os_flag.o)
 .debug_info    0x000027da      0x392 ../../uCOS-II_bsp_0/microblaze_0/lib/libxil.a(os_mem.o)
 .debug_info    0x00002b6c      0x58b ../../uCOS-II_bsp_0/microblaze_0/lib/libxil.a(os_q.o)
 .debug_info    0x000030f7      0x831 ../../uCOS-II_bsp_0/microblaze_0/lib/libxil.a(os_task.o)
 .debug_info    0x00003928      0x3fc ../../uCOS-II_bsp_0/microblaze_0/lib/libxil.a(os_time.o)
 .debug_info    0x00003d24       0x88 ../../uCOS-II_bsp_0/microblaze_0/lib/libxil.a(outbyte.o)
 .debug_info    0x00003dac      0x504 ../../uCOS-II_bsp_0/microblaze_0/lib/libxil.a(xuartlite.o)
 .debug_info    0x000042b0      0x3a2 ../../uCOS-II_bsp_0/microblaze_0/lib/libxil.a(xuartlite_intr.o)
 .debug_info    0x00004652       0xd1 ../../uCOS-II_bsp_0/microblaze_0/lib/libxil.a(xuartlite_l.o)
 .debug_info    0x00004723      0x24e ../../uCOS-II_bsp_0/microblaze_0/lib/libxil.a(xuartlite_selftest.o)
 .debug_info    0x00004971      0x354 ../../uCOS-II_bsp_0/microblaze_0/lib/libxil.a(xuartlite_sinit.o)
 .debug_info    0x00004cc5      0x279 ../../uCOS-II_bsp_0/microblaze_0/lib/libxil.a(xuartlite_stats.o)
 .debug_info    0x00004f3e      0x70f ../../uCOS-II_bsp_0/microblaze_0/lib/libxil.a(xiic.o)
 .debug_info    0x0000564d      0x51d ../../uCOS-II_bsp_0/microblaze_0/lib/libxil.a(xiic_intr.o)
 .debug_info    0x00005b6a      0x55d ../../uCOS-II_bsp_0/microblaze_0/lib/libxil.a(xiic_master.o)
 .debug_info    0x000060c7      0x3f0 ../../uCOS-II_bsp_0/microblaze_0/lib/libxil.a(xiic_sinit.o)
 .debug_info    0x000064b7      0x365 ../../uCOS-II_bsp_0/microblaze_0/lib/libxil.a(xiic_stats.o)
 .debug_info    0x0000681c      0x4fa ../../uCOS-II_bsp_0/microblaze_0/lib/libxil.a(xintc.o)
 .debug_info    0x00006d16      0x16b ../../uCOS-II_bsp_0/microblaze_0/lib/libxil.a(xintc_g.o)
 .debug_info    0x00006e81       0x91 ../../uCOS-II_bsp_0/microblaze_0/lib/libxil.a(xtmrctr_l.o)
 .debug_info    0x00006f12      0x14d ../../uCOS-II_bsp_0/microblaze_0/lib/libxil.a(xbasic_types.o)
 .debug_info    0x0000705f      0x126 ../../uCOS-II_bsp_0/microblaze_0/lib/libxil.a(xil_assert.o)
 .debug_info    0x00007185      0x12b ../../uCOS-II_bsp_0/microblaze_0/lib/libxil.a(xuartlite_g.o)
 .debug_info    0x000072b0      0x10e ../../uCOS-II_bsp_0/microblaze_0/lib/libxil.a(xiic_g.o)
 .debug_info    0x000073be      0x214 ../../uCOS-II_bsp_0/microblaze_0/lib/libxil.a(fstat.o)
 .debug_info    0x000075d2       0x51 ../../uCOS-II_bsp_0/microblaze_0/lib/libxil.a(isatty.o)
 .debug_info    0x00007623       0xc7 ../../uCOS-II_bsp_0/microblaze_0/lib/libxil.a(lseek.o)
 .debug_info    0x000076ea       0xe7 ../../uCOS-II_bsp_0/microblaze_0/lib/libxil.a(sbrk.o)
 .debug_info    0x000077d1       0x8d ../../uCOS-II_bsp_0/microblaze_0/lib/libxil.a(write.o)
 .debug_info    0x0000785e       0x8d ../../uCOS-II_bsp_0/microblaze_0/lib/libxil.a(read.o)
 .debug_info    0x000078eb       0x51 ../../uCOS-II_bsp_0/microblaze_0/lib/libxil.a(close.o)
 .debug_info    0x0000793c      0x88f ../../uCOS-II_bsp_0/microblaze_0/lib/libxil.a(errno.o)
 .debug_info    0x000081cb       0x7e ../../uCOS-II_bsp_0/microblaze_0/lib/libxil.a(inbyte.o)
 .debug_info    0x00008249      0x70c /cygdrive/c/Xilinx/12.3/ISE_DS/EDK/gnu/microblaze/nt/bin/../lib/gcc/microblaze-xilinx-elf/4.1.2/bs/m/libgcc.a(_udivdi3.o)
 .debug_info    0x00008955      0x735 /cygdrive/c/Xilinx/12.3/ISE_DS/EDK/gnu/microblaze/nt/bin/../lib/gcc/microblaze-xilinx-elf/4.1.2/bs/m/libgcc.a(_umoddi3.o)
 .debug_info    0x0000908a      0x437 /cygdrive/c/Xilinx/12.3/ISE_DS/EDK/gnu/microblaze/nt/bin/../lib/gcc/microblaze-xilinx-elf/4.1.2/bs/m/libgcc.a(_addsub_df.o)
 .debug_info    0x000094c1      0x41e /cygdrive/c/Xilinx/12.3/ISE_DS/EDK/gnu/microblaze/nt/bin/../lib/gcc/microblaze-xilinx-elf/4.1.2/bs/m/libgcc.a(_mul_df.o)
 .debug_info    0x000098df      0x34f /cygdrive/c/Xilinx/12.3/ISE_DS/EDK/gnu/microblaze/nt/bin/../lib/gcc/microblaze-xilinx-elf/4.1.2/bs/m/libgcc.a(_div_df.o)
 .debug_info    0x00009c2e      0x251 /cygdrive/c/Xilinx/12.3/ISE_DS/EDK/gnu/microblaze/nt/bin/../lib/gcc/microblaze-xilinx-elf/4.1.2/bs/m/libgcc.a(_eq_df.o)
 .debug_info    0x00009e7f      0x251 /cygdrive/c/Xilinx/12.3/ISE_DS/EDK/gnu/microblaze/nt/bin/../lib/gcc/microblaze-xilinx-elf/4.1.2/bs/m/libgcc.a(_ne_df.o)
 .debug_info    0x0000a0d0      0x251 /cygdrive/c/Xilinx/12.3/ISE_DS/EDK/gnu/microblaze/nt/bin/../lib/gcc/microblaze-xilinx-elf/4.1.2/bs/m/libgcc.a(_gt_df.o)
 .debug_info    0x0000a321      0x251 /cygdrive/c/Xilinx/12.3/ISE_DS/EDK/gnu/microblaze/nt/bin/../lib/gcc/microblaze-xilinx-elf/4.1.2/bs/m/libgcc.a(_ge_df.o)
 .debug_info    0x0000a572      0x251 /cygdrive/c/Xilinx/12.3/ISE_DS/EDK/gnu/microblaze/nt/bin/../lib/gcc/microblaze-xilinx-elf/4.1.2/bs/m/libgcc.a(_lt_df.o)
 .debug_info    0x0000a7c3      0x1bd /cygdrive/c/Xilinx/12.3/ISE_DS/EDK/gnu/microblaze/nt/bin/../lib/gcc/microblaze-xilinx-elf/4.1.2/bs/m/libgcc.a(_si_to_df.o)
 .debug_info    0x0000a980      0x281 /cygdrive/c/Xilinx/12.3/ISE_DS/EDK/gnu/microblaze/nt/bin/../lib/gcc/microblaze-xilinx-elf/4.1.2/bs/m/libgcc.a(_df_to_si.o)
 .debug_info    0x0000ac01      0x164 /cygdrive/c/Xilinx/12.3/ISE_DS/EDK/gnu/microblaze/nt/bin/../lib/gcc/microblaze-xilinx-elf/4.1.2/bs/m/libgcc.a(_thenan_df.o)
 .debug_info    0x0000ad65      0x207 /cygdrive/c/Xilinx/12.3/ISE_DS/EDK/gnu/microblaze/nt/bin/../lib/gcc/microblaze-xilinx-elf/4.1.2/bs/m/libgcc.a(_muldi3.o)
 .debug_info    0x0000af6c       0xc2 /cygdrive/c/Xilinx/12.3/ISE_DS/EDK/gnu/microblaze/nt/bin/../lib/gcc/microblaze-xilinx-elf/4.1.2/bs/m/libgcc.a(_clz.o)
 .debug_info    0x0000b02e      0x2a7 /cygdrive/c/Xilinx/12.3/ISE_DS/EDK/gnu/microblaze/nt/bin/../lib/gcc/microblaze-xilinx-elf/4.1.2/bs/m/libgcc.a(_pack_df.o)
 .debug_info    0x0000b2d5      0x220 /cygdrive/c/Xilinx/12.3/ISE_DS/EDK/gnu/microblaze/nt/bin/../lib/gcc/microblaze-xilinx-elf/4.1.2/bs/m/libgcc.a(_unpack_df.o)
 .debug_info    0x0000b4f5      0x21d /cygdrive/c/Xilinx/12.3/ISE_DS/EDK/gnu/microblaze/nt/bin/../lib/gcc/microblaze-xilinx-elf/4.1.2/bs/m/libgcc.a(_fpcmp_parts_df.o)

.debug_abbrev   0x00000000     0x3990
 .debug_abbrev  0x00000000       0x10 /cygdrive/c/Xilinx/12.3/ISE_DS/EDK/gnu/microblaze/nt/bin/../lib/gcc/microblaze-xilinx-elf/4.1.2/../../../../microblaze-xilinx-elf/lib/bs/m/crt0.o
 .debug_abbrev  0x00000010       0x14 /cygdrive/c/Xilinx/12.3/ISE_DS/EDK/gnu/microblaze/nt/bin/../lib/gcc/microblaze-xilinx-elf/4.1.2/../../../../microblaze-xilinx-elf/lib/bs/m/crtinit.o
 .debug_abbrev  0x00000024       0x14 /cygdrive/c/Xilinx/12.3/ISE_DS/EDK/gnu/microblaze/nt/bin/../lib/gcc/microblaze-xilinx-elf/4.1.2/bs/m/libgcc.a(modsi3.o)
 .debug_abbrev  0x00000038       0x14 /cygdrive/c/Xilinx/12.3/ISE_DS/EDK/gnu/microblaze/nt/bin/../lib/gcc/microblaze-xilinx-elf/4.1.2/bs/m/libgcc.a(umodsi3.o)
 .debug_abbrev  0x0000004c       0x14 /cygdrive/c/Xilinx/12.3/ISE_DS/EDK/gnu/microblaze/nt/bin/../lib/gcc/microblaze-xilinx-elf/4.1.2/bs/m/libgcc.a(divsi3.o)
 .debug_abbrev  0x00000060       0x14 /cygdrive/c/Xilinx/12.3/ISE_DS/EDK/gnu/microblaze/nt/bin/../lib/gcc/microblaze-xilinx-elf/4.1.2/bs/m/libgcc.a(udivsi3.o)
 .debug_abbrev  0x00000074      0x18f ../../uCOS-II_bsp_0/microblaze_0/lib/libxil.a(xil_printf.o)
 .debug_abbrev  0x00000203       0x14 ../../uCOS-II_bsp_0/microblaze_0/lib/libxil.a(_exception_handler.o)
 .debug_abbrev  0x00000217       0x14 ../../uCOS-II_bsp_0/microblaze_0/lib/libxil.a(_program_clean.o)
 .debug_abbrev  0x0000022b       0x14 ../../uCOS-II_bsp_0/microblaze_0/lib/libxil.a(_program_init.o)
 .debug_abbrev  0x0000023f       0x14 ../../uCOS-II_bsp_0/microblaze_0/lib/libxil.a(hw_exception_handler.o)
 .debug_abbrev  0x00000253      0x2c6 ../../uCOS-II_bsp_0/microblaze_0/lib/libxil.a(os_core.o)
 .debug_abbrev  0x00000519       0x14 ../../uCOS-II_bsp_0/microblaze_0/lib/libxil.a(os_cpu_a.o)
 .debug_abbrev  0x0000052d      0x16e ../../uCOS-II_bsp_0/microblaze_0/lib/libxil.a(os_cpu_c.o)
 .debug_abbrev  0x0000069b      0x1a4 ../../uCOS-II_bsp_0/microblaze_0/lib/libxil.a(os_flag.o)
 .debug_abbrev  0x0000083f      0x141 ../../uCOS-II_bsp_0/microblaze_0/lib/libxil.a(os_mem.o)
 .debug_abbrev  0x00000980      0x145 ../../uCOS-II_bsp_0/microblaze_0/lib/libxil.a(os_q.o)
 .debug_abbrev  0x00000ac5      0x168 ../../uCOS-II_bsp_0/microblaze_0/lib/libxil.a(os_task.o)
 .debug_abbrev  0x00000c2d      0x10c ../../uCOS-II_bsp_0/microblaze_0/lib/libxil.a(os_time.o)
 .debug_abbrev  0x00000d39       0x4e ../../uCOS-II_bsp_0/microblaze_0/lib/libxil.a(outbyte.o)
 .debug_abbrev  0x00000d87      0x160 ../../uCOS-II_bsp_0/microblaze_0/lib/libxil.a(xuartlite.o)
 .debug_abbrev  0x00000ee7      0x14f ../../uCOS-II_bsp_0/microblaze_0/lib/libxil.a(xuartlite_intr.o)
 .debug_abbrev  0x00001036       0x74 ../../uCOS-II_bsp_0/microblaze_0/lib/libxil.a(xuartlite_l.o)
 .debug_abbrev  0x000010aa       0xc8 ../../uCOS-II_bsp_0/microblaze_0/lib/libxil.a(xuartlite_selftest.o)
 .debug_abbrev  0x00001172      0x10d ../../uCOS-II_bsp_0/microblaze_0/lib/libxil.a(xuartlite_sinit.o)
 .debug_abbrev  0x0000127f       0xb7 ../../uCOS-II_bsp_0/microblaze_0/lib/libxil.a(xuartlite_stats.o)
 .debug_abbrev  0x00001336      0x151 ../../uCOS-II_bsp_0/microblaze_0/lib/libxil.a(xiic.o)
 .debug_abbrev  0x00001487      0x187 ../../uCOS-II_bsp_0/microblaze_0/lib/libxil.a(xiic_intr.o)
 .debug_abbrev  0x0000160e      0x1a9 ../../uCOS-II_bsp_0/microblaze_0/lib/libxil.a(xiic_master.o)
 .debug_abbrev  0x000017b7      0x138 ../../uCOS-II_bsp_0/microblaze_0/lib/libxil.a(xiic_sinit.o)
 .debug_abbrev  0x000018ef       0xc4 ../../uCOS-II_bsp_0/microblaze_0/lib/libxil.a(xiic_stats.o)
 .debug_abbrev  0x000019b3      0x1b3 ../../uCOS-II_bsp_0/microblaze_0/lib/libxil.a(xintc.o)
 .debug_abbrev  0x00001b66       0xa3 ../../uCOS-II_bsp_0/microblaze_0/lib/libxil.a(xintc_g.o)
 .debug_abbrev  0x00001c09       0x4f ../../uCOS-II_bsp_0/microblaze_0/lib/libxil.a(xtmrctr_l.o)
 .debug_abbrev  0x00001c58       0xc3 ../../uCOS-II_bsp_0/microblaze_0/lib/libxil.a(xbasic_types.o)
 .debug_abbrev  0x00001d1b       0xbc ../../uCOS-II_bsp_0/microblaze_0/lib/libxil.a(xil_assert.o)
 .debug_abbrev  0x00001dd7       0x83 ../../uCOS-II_bsp_0/microblaze_0/lib/libxil.a(xuartlite_g.o)
 .debug_abbrev  0x00001e5a       0x83 ../../uCOS-II_bsp_0/microblaze_0/lib/libxil.a(xiic_g.o)
 .debug_abbrev  0x00001edd       0x96 ../../uCOS-II_bsp_0/microblaze_0/lib/libxil.a(fstat.o)
 .debug_abbrev  0x00001f73       0x45 ../../uCOS-II_bsp_0/microblaze_0/lib/libxil.a(isatty.o)
 .debug_abbrev  0x00001fb8       0x6a ../../uCOS-II_bsp_0/microblaze_0/lib/libxil.a(lseek.o)
 .debug_abbrev  0x00002022       0x96 ../../uCOS-II_bsp_0/microblaze_0/lib/libxil.a(sbrk.o)
 .debug_abbrev  0x000020b8       0x77 ../../uCOS-II_bsp_0/microblaze_0/lib/libxil.a(write.o)
 .debug_abbrev  0x0000212f       0x77 ../../uCOS-II_bsp_0/microblaze_0/lib/libxil.a(read.o)
 .debug_abbrev  0x000021a6       0x45 ../../uCOS-II_bsp_0/microblaze_0/lib/libxil.a(close.o)
 .debug_abbrev  0x000021eb      0x147 ../../uCOS-II_bsp_0/microblaze_0/lib/libxil.a(errno.o)
 .debug_abbrev  0x00002332       0x41 ../../uCOS-II_bsp_0/microblaze_0/lib/libxil.a(inbyte.o)
 .debug_abbrev  0x00002373      0x162 /cygdrive/c/Xilinx/12.3/ISE_DS/EDK/gnu/microblaze/nt/bin/../lib/gcc/microblaze-xilinx-elf/4.1.2/bs/m/libgcc.a(_udivdi3.o)
 .debug_abbrev  0x000024d5      0x17f /cygdrive/c/Xilinx/12.3/ISE_DS/EDK/gnu/microblaze/nt/bin/../lib/gcc/microblaze-xilinx-elf/4.1.2/bs/m/libgcc.a(_umoddi3.o)
 .debug_abbrev  0x00002654      0x1a8 /cygdrive/c/Xilinx/12.3/ISE_DS/EDK/gnu/microblaze/nt/bin/../lib/gcc/microblaze-xilinx-elf/4.1.2/bs/m/libgcc.a(_addsub_df.o)
 .debug_abbrev  0x000027fc      0x1c9 /cygdrive/c/Xilinx/12.3/ISE_DS/EDK/gnu/microblaze/nt/bin/../lib/gcc/microblaze-xilinx-elf/4.1.2/bs/m/libgcc.a(_mul_df.o)
 .debug_abbrev  0x000029c5      0x1b9 /cygdrive/c/Xilinx/12.3/ISE_DS/EDK/gnu/microblaze/nt/bin/../lib/gcc/microblaze-xilinx-elf/4.1.2/bs/m/libgcc.a(_div_df.o)
 .debug_abbrev  0x00002b7e      0x127 /cygdrive/c/Xilinx/12.3/ISE_DS/EDK/gnu/microblaze/nt/bin/../lib/gcc/microblaze-xilinx-elf/4.1.2/bs/m/libgcc.a(_eq_df.o)
 .debug_abbrev  0x00002ca5      0x127 /cygdrive/c/Xilinx/12.3/ISE_DS/EDK/gnu/microblaze/nt/bin/../lib/gcc/microblaze-xilinx-elf/4.1.2/bs/m/libgcc.a(_ne_df.o)
 .debug_abbrev  0x00002dcc      0x127 /cygdrive/c/Xilinx/12.3/ISE_DS/EDK/gnu/microblaze/nt/bin/../lib/gcc/microblaze-xilinx-elf/4.1.2/bs/m/libgcc.a(_gt_df.o)
 .debug_abbrev  0x00002ef3      0x127 /cygdrive/c/Xilinx/12.3/ISE_DS/EDK/gnu/microblaze/nt/bin/../lib/gcc/microblaze-xilinx-elf/4.1.2/bs/m/libgcc.a(_ge_df.o)
 .debug_abbrev  0x0000301a      0x127 /cygdrive/c/Xilinx/12.3/ISE_DS/EDK/gnu/microblaze/nt/bin/../lib/gcc/microblaze-xilinx-elf/4.1.2/bs/m/libgcc.a(_lt_df.o)
 .debug_abbrev  0x00003141       0xf1 /cygdrive/c/Xilinx/12.3/ISE_DS/EDK/gnu/microblaze/nt/bin/../lib/gcc/microblaze-xilinx-elf/4.1.2/bs/m/libgcc.a(_si_to_df.o)
 .debug_abbrev  0x00003232      0x14c /cygdrive/c/Xilinx/12.3/ISE_DS/EDK/gnu/microblaze/nt/bin/../lib/gcc/microblaze-xilinx-elf/4.1.2/bs/m/libgcc.a(_df_to_si.o)
 .debug_abbrev  0x0000337e       0xba /cygdrive/c/Xilinx/12.3/ISE_DS/EDK/gnu/microblaze/nt/bin/../lib/gcc/microblaze-xilinx-elf/4.1.2/bs/m/libgcc.a(_thenan_df.o)
 .debug_abbrev  0x00003438      0x119 /cygdrive/c/Xilinx/12.3/ISE_DS/EDK/gnu/microblaze/nt/bin/../lib/gcc/microblaze-xilinx-elf/4.1.2/bs/m/libgcc.a(_muldi3.o)
 .debug_abbrev  0x00003551       0x61 /cygdrive/c/Xilinx/12.3/ISE_DS/EDK/gnu/microblaze/nt/bin/../lib/gcc/microblaze-xilinx-elf/4.1.2/bs/m/libgcc.a(_clz.o)
 .debug_abbrev  0x000035b2      0x17c /cygdrive/c/Xilinx/12.3/ISE_DS/EDK/gnu/microblaze/nt/bin/../lib/gcc/microblaze-xilinx-elf/4.1.2/bs/m/libgcc.a(_pack_df.o)
 .debug_abbrev  0x0000372e      0x121 /cygdrive/c/Xilinx/12.3/ISE_DS/EDK/gnu/microblaze/nt/bin/../lib/gcc/microblaze-xilinx-elf/4.1.2/bs/m/libgcc.a(_unpack_df.o)
 .debug_abbrev  0x0000384f      0x141 /cygdrive/c/Xilinx/12.3/ISE_DS/EDK/gnu/microblaze/nt/bin/../lib/gcc/microblaze-xilinx-elf/4.1.2/bs/m/libgcc.a(_fpcmp_parts_df.o)

.debug_aranges  0x00000000      0x780
 .debug_aranges
                0x00000000       0x40 /cygdrive/c/Xilinx/12.3/ISE_DS/EDK/gnu/microblaze/nt/bin/../lib/gcc/microblaze-xilinx-elf/4.1.2/../../../../microblaze-xilinx-elf/lib/bs/m/crt0.o
 .debug_aranges
                0x00000040       0x20 /cygdrive/c/Xilinx/12.3/ISE_DS/EDK/gnu/microblaze/nt/bin/../lib/gcc/microblaze-xilinx-elf/4.1.2/../../../../microblaze-xilinx-elf/lib/bs/m/crtinit.o
 .debug_aranges
                0x00000060       0x20 /cygdrive/c/Xilinx/12.3/ISE_DS/EDK/gnu/microblaze/nt/bin/../lib/gcc/microblaze-xilinx-elf/4.1.2/bs/m/libgcc.a(modsi3.o)
 .debug_aranges
                0x00000080       0x20 /cygdrive/c/Xilinx/12.3/ISE_DS/EDK/gnu/microblaze/nt/bin/../lib/gcc/microblaze-xilinx-elf/4.1.2/bs/m/libgcc.a(umodsi3.o)
 .debug_aranges
                0x000000a0       0x20 /cygdrive/c/Xilinx/12.3/ISE_DS/EDK/gnu/microblaze/nt/bin/../lib/gcc/microblaze-xilinx-elf/4.1.2/bs/m/libgcc.a(divsi3.o)
 .debug_aranges
                0x000000c0       0x20 /cygdrive/c/Xilinx/12.3/ISE_DS/EDK/gnu/microblaze/nt/bin/../lib/gcc/microblaze-xilinx-elf/4.1.2/bs/m/libgcc.a(udivsi3.o)
 .debug_aranges
                0x000000e0       0x20 ../../uCOS-II_bsp_0/microblaze_0/lib/libxil.a(xil_printf.o)
 .debug_aranges
                0x00000100       0x20 ../../uCOS-II_bsp_0/microblaze_0/lib/libxil.a(_exception_handler.o)
 .debug_aranges
                0x00000120       0x20 ../../uCOS-II_bsp_0/microblaze_0/lib/libxil.a(_program_clean.o)
 .debug_aranges
                0x00000140       0x20 ../../uCOS-II_bsp_0/microblaze_0/lib/libxil.a(_program_init.o)
 .debug_aranges
                0x00000160       0x20 ../../uCOS-II_bsp_0/microblaze_0/lib/libxil.a(hw_exception_handler.o)
 .debug_aranges
                0x00000180       0x20 ../../uCOS-II_bsp_0/microblaze_0/lib/libxil.a(os_core.o)
 .debug_aranges
                0x000001a0       0x20 ../../uCOS-II_bsp_0/microblaze_0/lib/libxil.a(os_cpu_a.o)
 .debug_aranges
                0x000001c0       0x20 ../../uCOS-II_bsp_0/microblaze_0/lib/libxil.a(os_cpu_c.o)
 .debug_aranges
                0x000001e0       0x20 ../../uCOS-II_bsp_0/microblaze_0/lib/libxil.a(os_flag.o)
 .debug_aranges
                0x00000200       0x20 ../../uCOS-II_bsp_0/microblaze_0/lib/libxil.a(os_mem.o)
 .debug_aranges
                0x00000220       0x20 ../../uCOS-II_bsp_0/microblaze_0/lib/libxil.a(os_q.o)
 .debug_aranges
                0x00000240       0x20 ../../uCOS-II_bsp_0/microblaze_0/lib/libxil.a(os_task.o)
 .debug_aranges
                0x00000260       0x20 ../../uCOS-II_bsp_0/microblaze_0/lib/libxil.a(os_time.o)
 .debug_aranges
                0x00000280       0x20 ../../uCOS-II_bsp_0/microblaze_0/lib/libxil.a(outbyte.o)
 .debug_aranges
                0x000002a0       0x20 ../../uCOS-II_bsp_0/microblaze_0/lib/libxil.a(xuartlite.o)
 .debug_aranges
                0x000002c0       0x20 ../../uCOS-II_bsp_0/microblaze_0/lib/libxil.a(xuartlite_intr.o)
 .debug_aranges
                0x000002e0       0x20 ../../uCOS-II_bsp_0/microblaze_0/lib/libxil.a(xuartlite_l.o)
 .debug_aranges
                0x00000300       0x20 ../../uCOS-II_bsp_0/microblaze_0/lib/libxil.a(xuartlite_selftest.o)
 .debug_aranges
                0x00000320       0x20 ../../uCOS-II_bsp_0/microblaze_0/lib/libxil.a(xuartlite_sinit.o)
 .debug_aranges
                0x00000340       0x20 ../../uCOS-II_bsp_0/microblaze_0/lib/libxil.a(xuartlite_stats.o)
 .debug_aranges
                0x00000360       0x20 ../../uCOS-II_bsp_0/microblaze_0/lib/libxil.a(xiic.o)
 .debug_aranges
                0x00000380       0x20 ../../uCOS-II_bsp_0/microblaze_0/lib/libxil.a(xiic_intr.o)
 .debug_aranges
                0x000003a0       0x20 ../../uCOS-II_bsp_0/microblaze_0/lib/libxil.a(xiic_master.o)
 .debug_aranges
                0x000003c0       0x20 ../../uCOS-II_bsp_0/microblaze_0/lib/libxil.a(xiic_sinit.o)
 .debug_aranges
                0x000003e0       0x20 ../../uCOS-II_bsp_0/microblaze_0/lib/libxil.a(xiic_stats.o)
 .debug_aranges
                0x00000400       0x20 ../../uCOS-II_bsp_0/microblaze_0/lib/libxil.a(xintc.o)
 .debug_aranges
                0x00000420       0x20 ../../uCOS-II_bsp_0/microblaze_0/lib/libxil.a(xbasic_types.o)
 .debug_aranges
                0x00000440       0x20 ../../uCOS-II_bsp_0/microblaze_0/lib/libxil.a(xil_assert.o)
 .debug_aranges
                0x00000460       0x20 ../../uCOS-II_bsp_0/microblaze_0/lib/libxil.a(fstat.o)
 .debug_aranges
                0x00000480       0x20 ../../uCOS-II_bsp_0/microblaze_0/lib/libxil.a(isatty.o)
 .debug_aranges
                0x000004a0       0x20 ../../uCOS-II_bsp_0/microblaze_0/lib/libxil.a(lseek.o)
 .debug_aranges
                0x000004c0       0x20 ../../uCOS-II_bsp_0/microblaze_0/lib/libxil.a(sbrk.o)
 .debug_aranges
                0x000004e0       0x20 ../../uCOS-II_bsp_0/microblaze_0/lib/libxil.a(write.o)
 .debug_aranges
                0x00000500       0x20 ../../uCOS-II_bsp_0/microblaze_0/lib/libxil.a(read.o)
 .debug_aranges
                0x00000520       0x20 ../../uCOS-II_bsp_0/microblaze_0/lib/libxil.a(close.o)
 .debug_aranges
                0x00000540       0x20 ../../uCOS-II_bsp_0/microblaze_0/lib/libxil.a(errno.o)
 .debug_aranges
                0x00000560       0x20 ../../uCOS-II_bsp_0/microblaze_0/lib/libxil.a(inbyte.o)
 .debug_aranges
                0x00000580       0x20 /cygdrive/c/Xilinx/12.3/ISE_DS/EDK/gnu/microblaze/nt/bin/../lib/gcc/microblaze-xilinx-elf/4.1.2/bs/m/libgcc.a(_udivdi3.o)
 .debug_aranges
                0x000005a0       0x20 /cygdrive/c/Xilinx/12.3/ISE_DS/EDK/gnu/microblaze/nt/bin/../lib/gcc/microblaze-xilinx-elf/4.1.2/bs/m/libgcc.a(_umoddi3.o)
 .debug_aranges
                0x000005c0       0x20 /cygdrive/c/Xilinx/12.3/ISE_DS/EDK/gnu/microblaze/nt/bin/../lib/gcc/microblaze-xilinx-elf/4.1.2/bs/m/libgcc.a(_addsub_df.o)
 .debug_aranges
                0x000005e0       0x20 /cygdrive/c/Xilinx/12.3/ISE_DS/EDK/gnu/microblaze/nt/bin/../lib/gcc/microblaze-xilinx-elf/4.1.2/bs/m/libgcc.a(_mul_df.o)
 .debug_aranges
                0x00000600       0x20 /cygdrive/c/Xilinx/12.3/ISE_DS/EDK/gnu/microblaze/nt/bin/../lib/gcc/microblaze-xilinx-elf/4.1.2/bs/m/libgcc.a(_div_df.o)
 .debug_aranges
                0x00000620       0x20 /cygdrive/c/Xilinx/12.3/ISE_DS/EDK/gnu/microblaze/nt/bin/../lib/gcc/microblaze-xilinx-elf/4.1.2/bs/m/libgcc.a(_eq_df.o)
 .debug_aranges
                0x00000640       0x20 /cygdrive/c/Xilinx/12.3/ISE_DS/EDK/gnu/microblaze/nt/bin/../lib/gcc/microblaze-xilinx-elf/4.1.2/bs/m/libgcc.a(_ne_df.o)
 .debug_aranges
                0x00000660       0x20 /cygdrive/c/Xilinx/12.3/ISE_DS/EDK/gnu/microblaze/nt/bin/../lib/gcc/microblaze-xilinx-elf/4.1.2/bs/m/libgcc.a(_gt_df.o)
 .debug_aranges
                0x00000680       0x20 /cygdrive/c/Xilinx/12.3/ISE_DS/EDK/gnu/microblaze/nt/bin/../lib/gcc/microblaze-xilinx-elf/4.1.2/bs/m/libgcc.a(_ge_df.o)
 .debug_aranges
                0x000006a0       0x20 /cygdrive/c/Xilinx/12.3/ISE_DS/EDK/gnu/microblaze/nt/bin/../lib/gcc/microblaze-xilinx-elf/4.1.2/bs/m/libgcc.a(_lt_df.o)
 .debug_aranges
                0x000006c0       0x20 /cygdrive/c/Xilinx/12.3/ISE_DS/EDK/gnu/microblaze/nt/bin/../lib/gcc/microblaze-xilinx-elf/4.1.2/bs/m/libgcc.a(_si_to_df.o)
 .debug_aranges
                0x000006e0       0x20 /cygdrive/c/Xilinx/12.3/ISE_DS/EDK/gnu/microblaze/nt/bin/../lib/gcc/microblaze-xilinx-elf/4.1.2/bs/m/libgcc.a(_df_to_si.o)
 .debug_aranges
                0x00000700       0x20 /cygdrive/c/Xilinx/12.3/ISE_DS/EDK/gnu/microblaze/nt/bin/../lib/gcc/microblaze-xilinx-elf/4.1.2/bs/m/libgcc.a(_muldi3.o)
 .debug_aranges
                0x00000720       0x20 /cygdrive/c/Xilinx/12.3/ISE_DS/EDK/gnu/microblaze/nt/bin/../lib/gcc/microblaze-xilinx-elf/4.1.2/bs/m/libgcc.a(_pack_df.o)
 .debug_aranges
                0x00000740       0x20 /cygdrive/c/Xilinx/12.3/ISE_DS/EDK/gnu/microblaze/nt/bin/../lib/gcc/microblaze-xilinx-elf/4.1.2/bs/m/libgcc.a(_unpack_df.o)
 .debug_aranges
                0x00000760       0x20 /cygdrive/c/Xilinx/12.3/ISE_DS/EDK/gnu/microblaze/nt/bin/../lib/gcc/microblaze-xilinx-elf/4.1.2/bs/m/libgcc.a(_fpcmp_parts_df.o)

.debug_frame    0x00000000     0x12b0
 .debug_frame   0x00000000       0x7c ../../uCOS-II_bsp_0/microblaze_0/lib/libxil.a(xil_printf.o)
 .debug_frame   0x0000007c      0x24c ../../uCOS-II_bsp_0/microblaze_0/lib/libxil.a(os_core.o)
 .debug_frame   0x000002c8       0xc0 ../../uCOS-II_bsp_0/microblaze_0/lib/libxil.a(os_cpu_c.o)
 .debug_frame   0x00000388      0x124 ../../uCOS-II_bsp_0/microblaze_0/lib/libxil.a(os_flag.o)
 .debug_frame   0x000004ac       0xcc ../../uCOS-II_bsp_0/microblaze_0/lib/libxil.a(os_mem.o)
 .debug_frame   0x00000578       0x8c ../../uCOS-II_bsp_0/microblaze_0/lib/libxil.a(os_q.o)
 .debug_frame   0x00000604      0x134 ../../uCOS-II_bsp_0/microblaze_0/lib/libxil.a(os_task.o)
 .debug_frame   0x00000738       0x44 ../../uCOS-II_bsp_0/microblaze_0/lib/libxil.a(os_time.o)
 .debug_frame   0x0000077c       0x28 ../../uCOS-II_bsp_0/microblaze_0/lib/libxil.a(outbyte.o)
 .debug_frame   0x000007a4       0xc4 ../../uCOS-II_bsp_0/microblaze_0/lib/libxil.a(xuartlite.o)
 .debug_frame   0x00000868       0x8c ../../uCOS-II_bsp_0/microblaze_0/lib/libxil.a(xuartlite_intr.o)
 .debug_frame   0x000008f4       0x30 ../../uCOS-II_bsp_0/microblaze_0/lib/libxil.a(xuartlite_l.o)
 .debug_frame   0x00000924       0x2c ../../uCOS-II_bsp_0/microblaze_0/lib/libxil.a(xuartlite_selftest.o)
 .debug_frame   0x00000950       0x3c ../../uCOS-II_bsp_0/microblaze_0/lib/libxil.a(xuartlite_sinit.o)
 .debug_frame   0x0000098c       0x40 ../../uCOS-II_bsp_0/microblaze_0/lib/libxil.a(xuartlite_stats.o)
 .debug_frame   0x000009cc      0x188 ../../uCOS-II_bsp_0/microblaze_0/lib/libxil.a(xiic.o)
 .debug_frame   0x00000b54       0x54 ../../uCOS-II_bsp_0/microblaze_0/lib/libxil.a(xiic_intr.o)
 .debug_frame   0x00000ba8       0x88 ../../uCOS-II_bsp_0/microblaze_0/lib/libxil.a(xiic_master.o)
 .debug_frame   0x00000c30       0x3c ../../uCOS-II_bsp_0/microblaze_0/lib/libxil.a(xiic_sinit.o)
 .debug_frame   0x00000c6c       0x40 ../../uCOS-II_bsp_0/microblaze_0/lib/libxil.a(xiic_stats.o)
 .debug_frame   0x00000cac       0xfc ../../uCOS-II_bsp_0/microblaze_0/lib/libxil.a(xintc.o)
 .debug_frame   0x00000da8       0x48 ../../uCOS-II_bsp_0/microblaze_0/lib/libxil.a(xbasic_types.o)
 .debug_frame   0x00000df0       0x38 ../../uCOS-II_bsp_0/microblaze_0/lib/libxil.a(xil_assert.o)
 .debug_frame   0x00000e28       0x20 ../../uCOS-II_bsp_0/microblaze_0/lib/libxil.a(fstat.o)
 .debug_frame   0x00000e48       0x20 ../../uCOS-II_bsp_0/microblaze_0/lib/libxil.a(isatty.o)
 .debug_frame   0x00000e68       0x28 ../../uCOS-II_bsp_0/microblaze_0/lib/libxil.a(lseek.o)
 .debug_frame   0x00000e90       0x28 ../../uCOS-II_bsp_0/microblaze_0/lib/libxil.a(sbrk.o)
 .debug_frame   0x00000eb8       0x2c ../../uCOS-II_bsp_0/microblaze_0/lib/libxil.a(write.o)
 .debug_frame   0x00000ee4       0x2c ../../uCOS-II_bsp_0/microblaze_0/lib/libxil.a(read.o)
 .debug_frame   0x00000f10       0x20 ../../uCOS-II_bsp_0/microblaze_0/lib/libxil.a(close.o)
 .debug_frame   0x00000f30       0x20 ../../uCOS-II_bsp_0/microblaze_0/lib/libxil.a(errno.o)
 .debug_frame   0x00000f50       0x28 ../../uCOS-II_bsp_0/microblaze_0/lib/libxil.a(inbyte.o)
 .debug_frame   0x00000f78       0x3c /cygdrive/c/Xilinx/12.3/ISE_DS/EDK/gnu/microblaze/nt/bin/../lib/gcc/microblaze-xilinx-elf/4.1.2/bs/m/libgcc.a(_udivdi3.o)
 .debug_frame   0x00000fb4       0x3c /cygdrive/c/Xilinx/12.3/ISE_DS/EDK/gnu/microblaze/nt/bin/../lib/gcc/microblaze-xilinx-elf/4.1.2/bs/m/libgcc.a(_umoddi3.o)
 .debug_frame   0x00000ff0       0x70 /cygdrive/c/Xilinx/12.3/ISE_DS/EDK/gnu/microblaze/nt/bin/../lib/gcc/microblaze-xilinx-elf/4.1.2/bs/m/libgcc.a(_addsub_df.o)
 .debug_frame   0x00001060       0x40 /cygdrive/c/Xilinx/12.3/ISE_DS/EDK/gnu/microblaze/nt/bin/../lib/gcc/microblaze-xilinx-elf/4.1.2/bs/m/libgcc.a(_mul_df.o)
 .debug_frame   0x000010a0       0x34 /cygdrive/c/Xilinx/12.3/ISE_DS/EDK/gnu/microblaze/nt/bin/../lib/gcc/microblaze-xilinx-elf/4.1.2/bs/m/libgcc.a(_div_df.o)
 .debug_frame   0x000010d4       0x30 /cygdrive/c/Xilinx/12.3/ISE_DS/EDK/gnu/microblaze/nt/bin/../lib/gcc/microblaze-xilinx-elf/4.1.2/bs/m/libgcc.a(_eq_df.o)
 .debug_frame   0x00001104       0x30 /cygdrive/c/Xilinx/12.3/ISE_DS/EDK/gnu/microblaze/nt/bin/../lib/gcc/microblaze-xilinx-elf/4.1.2/bs/m/libgcc.a(_ne_df.o)
 .debug_frame   0x00001134       0x30 /cygdrive/c/Xilinx/12.3/ISE_DS/EDK/gnu/microblaze/nt/bin/../lib/gcc/microblaze-xilinx-elf/4.1.2/bs/m/libgcc.a(_gt_df.o)
 .debug_frame   0x00001164       0x30 /cygdrive/c/Xilinx/12.3/ISE_DS/EDK/gnu/microblaze/nt/bin/../lib/gcc/microblaze-xilinx-elf/4.1.2/bs/m/libgcc.a(_ge_df.o)
 .debug_frame   0x00001194       0x30 /cygdrive/c/Xilinx/12.3/ISE_DS/EDK/gnu/microblaze/nt/bin/../lib/gcc/microblaze-xilinx-elf/4.1.2/bs/m/libgcc.a(_lt_df.o)
 .debug_frame   0x000011c4       0x28 /cygdrive/c/Xilinx/12.3/ISE_DS/EDK/gnu/microblaze/nt/bin/../lib/gcc/microblaze-xilinx-elf/4.1.2/bs/m/libgcc.a(_si_to_df.o)
 .debug_frame   0x000011ec       0x28 /cygdrive/c/Xilinx/12.3/ISE_DS/EDK/gnu/microblaze/nt/bin/../lib/gcc/microblaze-xilinx-elf/4.1.2/bs/m/libgcc.a(_df_to_si.o)
 .debug_frame   0x00001214       0x30 /cygdrive/c/Xilinx/12.3/ISE_DS/EDK/gnu/microblaze/nt/bin/../lib/gcc/microblaze-xilinx-elf/4.1.2/bs/m/libgcc.a(_muldi3.o)
 .debug_frame   0x00001244       0x2c /cygdrive/c/Xilinx/12.3/ISE_DS/EDK/gnu/microblaze/nt/bin/../lib/gcc/microblaze-xilinx-elf/4.1.2/bs/m/libgcc.a(_pack_df.o)
 .debug_frame   0x00001270       0x20 /cygdrive/c/Xilinx/12.3/ISE_DS/EDK/gnu/microblaze/nt/bin/../lib/gcc/microblaze-xilinx-elf/4.1.2/bs/m/libgcc.a(_unpack_df.o)
 .debug_frame   0x00001290       0x20 /cygdrive/c/Xilinx/12.3/ISE_DS/EDK/gnu/microblaze/nt/bin/../lib/gcc/microblaze-xilinx-elf/4.1.2/bs/m/libgcc.a(_fpcmp_parts_df.o)

.debug_loc      0x00000000     0x73f2
 .debug_loc     0x00000000      0x3cb ../../uCOS-II_bsp_0/microblaze_0/lib/libxil.a(xil_printf.o)
 .debug_loc     0x000003cb      0xba9 ../../uCOS-II_bsp_0/microblaze_0/lib/libxil.a(os_core.o)
 .debug_loc     0x00000f74       0x57 ../../uCOS-II_bsp_0/microblaze_0/lib/libxil.a(os_cpu_c.o)
 .debug_loc     0x00000fcb      0x7ba ../../uCOS-II_bsp_0/microblaze_0/lib/libxil.a(os_flag.o)
 .debug_loc     0x00001785      0x453 ../../uCOS-II_bsp_0/microblaze_0/lib/libxil.a(os_mem.o)
 .debug_loc     0x00001bd8      0x46f ../../uCOS-II_bsp_0/microblaze_0/lib/libxil.a(os_q.o)
 .debug_loc     0x00002047      0x949 ../../uCOS-II_bsp_0/microblaze_0/lib/libxil.a(os_task.o)
 .debug_loc     0x00002990      0x13f ../../uCOS-II_bsp_0/microblaze_0/lib/libxil.a(os_time.o)
 .debug_loc     0x00002acf       0x3d ../../uCOS-II_bsp_0/microblaze_0/lib/libxil.a(outbyte.o)
 .debug_loc     0x00002b0c      0x53a ../../uCOS-II_bsp_0/microblaze_0/lib/libxil.a(xuartlite.o)
 .debug_loc     0x00003046      0x24b ../../uCOS-II_bsp_0/microblaze_0/lib/libxil.a(xuartlite_intr.o)
 .debug_loc     0x00003291       0x5b ../../uCOS-II_bsp_0/microblaze_0/lib/libxil.a(xuartlite_selftest.o)
 .debug_loc     0x000032ec       0xa2 ../../uCOS-II_bsp_0/microblaze_0/lib/libxil.a(xuartlite_sinit.o)
 .debug_loc     0x0000338e       0xc4 ../../uCOS-II_bsp_0/microblaze_0/lib/libxil.a(xuartlite_stats.o)
 .debug_loc     0x00003452      0x682 ../../uCOS-II_bsp_0/microblaze_0/lib/libxil.a(xiic.o)
 .debug_loc     0x00003ad4      0x40d ../../uCOS-II_bsp_0/microblaze_0/lib/libxil.a(xiic_intr.o)
 .debug_loc     0x00003ee1      0x437 ../../uCOS-II_bsp_0/microblaze_0/lib/libxil.a(xiic_master.o)
 .debug_loc     0x00004318       0x8f ../../uCOS-II_bsp_0/microblaze_0/lib/libxil.a(xiic_sinit.o)
 .debug_loc     0x000043a7       0x98 ../../uCOS-II_bsp_0/microblaze_0/lib/libxil.a(xiic_stats.o)
 .debug_loc     0x0000443f      0x502 ../../uCOS-II_bsp_0/microblaze_0/lib/libxil.a(xintc.o)
 .debug_loc     0x00004941       0x5b ../../uCOS-II_bsp_0/microblaze_0/lib/libxil.a(xbasic_types.o)
 .debug_loc     0x0000499c       0x5b ../../uCOS-II_bsp_0/microblaze_0/lib/libxil.a(xil_assert.o)
 .debug_loc     0x000049f7       0x58 ../../uCOS-II_bsp_0/microblaze_0/lib/libxil.a(lseek.o)
 .debug_loc     0x00004a4f       0x5b ../../uCOS-II_bsp_0/microblaze_0/lib/libxil.a(sbrk.o)
 .debug_loc     0x00004aaa       0xc3 ../../uCOS-II_bsp_0/microblaze_0/lib/libxil.a(write.o)
 .debug_loc     0x00004b6d       0xa2 ../../uCOS-II_bsp_0/microblaze_0/lib/libxil.a(read.o)
 .debug_loc     0x00004c0f       0x1f ../../uCOS-II_bsp_0/microblaze_0/lib/libxil.a(inbyte.o)
 .debug_loc     0x00004c2e      0xc21 /cygdrive/c/Xilinx/12.3/ISE_DS/EDK/gnu/microblaze/nt/bin/../lib/gcc/microblaze-xilinx-elf/4.1.2/bs/m/libgcc.a(_udivdi3.o)
 .debug_loc     0x0000584f      0xc06 /cygdrive/c/Xilinx/12.3/ISE_DS/EDK/gnu/microblaze/nt/bin/../lib/gcc/microblaze-xilinx-elf/4.1.2/bs/m/libgcc.a(_umoddi3.o)
 .debug_loc     0x00006455      0x3b0 /cygdrive/c/Xilinx/12.3/ISE_DS/EDK/gnu/microblaze/nt/bin/../lib/gcc/microblaze-xilinx-elf/4.1.2/bs/m/libgcc.a(_addsub_df.o)
 .debug_loc     0x00006805      0x2c5 /cygdrive/c/Xilinx/12.3/ISE_DS/EDK/gnu/microblaze/nt/bin/../lib/gcc/microblaze-xilinx-elf/4.1.2/bs/m/libgcc.a(_mul_df.o)
 .debug_loc     0x00006aca      0x214 /cygdrive/c/Xilinx/12.3/ISE_DS/EDK/gnu/microblaze/nt/bin/../lib/gcc/microblaze-xilinx-elf/4.1.2/bs/m/libgcc.a(_div_df.o)
 .debug_loc     0x00006cde       0xa0 /cygdrive/c/Xilinx/12.3/ISE_DS/EDK/gnu/microblaze/nt/bin/../lib/gcc/microblaze-xilinx-elf/4.1.2/bs/m/libgcc.a(_eq_df.o)
 .debug_loc     0x00006d7e       0xa0 /cygdrive/c/Xilinx/12.3/ISE_DS/EDK/gnu/microblaze/nt/bin/../lib/gcc/microblaze-xilinx-elf/4.1.2/bs/m/libgcc.a(_ne_df.o)
 .debug_loc     0x00006e1e       0xa0 /cygdrive/c/Xilinx/12.3/ISE_DS/EDK/gnu/microblaze/nt/bin/../lib/gcc/microblaze-xilinx-elf/4.1.2/bs/m/libgcc.a(_gt_df.o)
 .debug_loc     0x00006ebe       0xa0 /cygdrive/c/Xilinx/12.3/ISE_DS/EDK/gnu/microblaze/nt/bin/../lib/gcc/microblaze-xilinx-elf/4.1.2/bs/m/libgcc.a(_ge_df.o)
 .debug_loc     0x00006f5e       0xa0 /cygdrive/c/Xilinx/12.3/ISE_DS/EDK/gnu/microblaze/nt/bin/../lib/gcc/microblaze-xilinx-elf/4.1.2/bs/m/libgcc.a(_lt_df.o)
 .debug_loc     0x00006ffe       0x48 /cygdrive/c/Xilinx/12.3/ISE_DS/EDK/gnu/microblaze/nt/bin/../lib/gcc/microblaze-xilinx-elf/4.1.2/bs/m/libgcc.a(_si_to_df.o)
 .debug_loc     0x00007046       0x80 /cygdrive/c/Xilinx/12.3/ISE_DS/EDK/gnu/microblaze/nt/bin/../lib/gcc/microblaze-xilinx-elf/4.1.2/bs/m/libgcc.a(_df_to_si.o)
 .debug_loc     0x000070c6       0xc4 /cygdrive/c/Xilinx/12.3/ISE_DS/EDK/gnu/microblaze/nt/bin/../lib/gcc/microblaze-xilinx-elf/4.1.2/bs/m/libgcc.a(_muldi3.o)
 .debug_loc     0x0000718a      0x178 /cygdrive/c/Xilinx/12.3/ISE_DS/EDK/gnu/microblaze/nt/bin/../lib/gcc/microblaze-xilinx-elf/4.1.2/bs/m/libgcc.a(_pack_df.o)
 .debug_loc     0x00007302       0xd2 /cygdrive/c/Xilinx/12.3/ISE_DS/EDK/gnu/microblaze/nt/bin/../lib/gcc/microblaze-xilinx-elf/4.1.2/bs/m/libgcc.a(_unpack_df.o)
 .debug_loc     0x000073d4       0x1e /cygdrive/c/Xilinx/12.3/ISE_DS/EDK/gnu/microblaze/nt/bin/../lib/gcc/microblaze-xilinx-elf/4.1.2/bs/m/libgcc.a(_fpcmp_parts_df.o)

.debug_pubnames
                0x00000000     0x11c0
 .debug_pubnames
                0x00000000       0x21 ../../uCOS-II_bsp_0/microblaze_0/lib/libxil.a(xil_printf.o)
 .debug_pubnames
                0x00000021      0x39b ../../uCOS-II_bsp_0/microblaze_0/lib/libxil.a(os_core.o)
 .debug_pubnames
                0x000003bc       0xe2 ../../uCOS-II_bsp_0/microblaze_0/lib/libxil.a(os_cpu_c.o)
 .debug_pubnames
                0x0000049e       0xa1 ../../uCOS-II_bsp_0/microblaze_0/lib/libxil.a(os_flag.o)
 .debug_pubnames
                0x0000053f       0x6d ../../uCOS-II_bsp_0/microblaze_0/lib/libxil.a(os_mem.o)
 .debug_pubnames
                0x000005ac       0x45 ../../uCOS-II_bsp_0/microblaze_0/lib/libxil.a(os_q.o)
 .debug_pubnames
                0x000005f1       0xc4 ../../uCOS-II_bsp_0/microblaze_0/lib/libxil.a(os_task.o)
 .debug_pubnames
                0x000006b5       0x32 ../../uCOS-II_bsp_0/microblaze_0/lib/libxil.a(os_time.o)
 .debug_pubnames
                0x000006e7       0x1e ../../uCOS-II_bsp_0/microblaze_0/lib/libxil.a(outbyte.o)
 .debug_pubnames
                0x00000705       0xba ../../uCOS-II_bsp_0/microblaze_0/lib/libxil.a(xuartlite.o)
 .debug_pubnames
                0x000007bf       0xa8 ../../uCOS-II_bsp_0/microblaze_0/lib/libxil.a(xuartlite_intr.o)
 .debug_pubnames
                0x00000867       0x40 ../../uCOS-II_bsp_0/microblaze_0/lib/libxil.a(xuartlite_l.o)
 .debug_pubnames
                0x000008a7       0x29 ../../uCOS-II_bsp_0/microblaze_0/lib/libxil.a(xuartlite_selftest.o)
 .debug_pubnames
                0x000008d0       0x46 ../../uCOS-II_bsp_0/microblaze_0/lib/libxil.a(xuartlite_sinit.o)
 .debug_pubnames
                0x00000916       0x42 ../../uCOS-II_bsp_0/microblaze_0/lib/libxil.a(xuartlite_stats.o)
 .debug_pubnames
                0x00000958      0x115 ../../uCOS-II_bsp_0/microblaze_0/lib/libxil.a(xiic.o)
 .debug_pubnames
                0x00000a6d      0x11e ../../uCOS-II_bsp_0/microblaze_0/lib/libxil.a(xiic_intr.o)
 .debug_pubnames
                0x00000b8b       0x3a ../../uCOS-II_bsp_0/microblaze_0/lib/libxil.a(xiic_master.o)
 .debug_pubnames
                0x00000bc5       0x3c ../../uCOS-II_bsp_0/microblaze_0/lib/libxil.a(xiic_sinit.o)
 .debug_pubnames
                0x00000c01       0x38 ../../uCOS-II_bsp_0/microblaze_0/lib/libxil.a(xiic_stats.o)
 .debug_pubnames
                0x00000c39       0xd2 ../../uCOS-II_bsp_0/microblaze_0/lib/libxil.a(xintc.o)
 .debug_pubnames
                0x00000d0b       0x28 ../../uCOS-II_bsp_0/microblaze_0/lib/libxil.a(xintc_g.o)
 .debug_pubnames
                0x00000d33       0x26 ../../uCOS-II_bsp_0/microblaze_0/lib/libxil.a(xtmrctr_l.o)
 .debug_pubnames
                0x00000d59       0x6a ../../uCOS-II_bsp_0/microblaze_0/lib/libxil.a(xbasic_types.o)
 .debug_pubnames
                0x00000dc3       0x63 ../../uCOS-II_bsp_0/microblaze_0/lib/libxil.a(xil_assert.o)
 .debug_pubnames
                0x00000e26       0x2c ../../uCOS-II_bsp_0/microblaze_0/lib/libxil.a(xuartlite_g.o)
 .debug_pubnames
                0x00000e52       0x27 ../../uCOS-II_bsp_0/microblaze_0/lib/libxil.a(xiic_g.o)
 .debug_pubnames
                0x00000e79       0x1c ../../uCOS-II_bsp_0/microblaze_0/lib/libxil.a(fstat.o)
 .debug_pubnames
                0x00000e95       0x1d ../../uCOS-II_bsp_0/microblaze_0/lib/libxil.a(isatty.o)
 .debug_pubnames
                0x00000eb2       0x1c ../../uCOS-II_bsp_0/microblaze_0/lib/libxil.a(lseek.o)
 .debug_pubnames
                0x00000ece       0x1b ../../uCOS-II_bsp_0/microblaze_0/lib/libxil.a(sbrk.o)
 .debug_pubnames
                0x00000ee9       0x1c ../../uCOS-II_bsp_0/microblaze_0/lib/libxil.a(write.o)
 .debug_pubnames
                0x00000f05       0x1b ../../uCOS-II_bsp_0/microblaze_0/lib/libxil.a(read.o)
 .debug_pubnames
                0x00000f20       0x1c ../../uCOS-II_bsp_0/microblaze_0/lib/libxil.a(close.o)
 .debug_pubnames
                0x00000f3c       0x1e ../../uCOS-II_bsp_0/microblaze_0/lib/libxil.a(errno.o)
 .debug_pubnames
                0x00000f5a       0x1d ../../uCOS-II_bsp_0/microblaze_0/lib/libxil.a(inbyte.o)
 .debug_pubnames
                0x00000f77       0x20 /cygdrive/c/Xilinx/12.3/ISE_DS/EDK/gnu/microblaze/nt/bin/../lib/gcc/microblaze-xilinx-elf/4.1.2/bs/m/libgcc.a(_udivdi3.o)
 .debug_pubnames
                0x00000f97       0x20 /cygdrive/c/Xilinx/12.3/ISE_DS/EDK/gnu/microblaze/nt/bin/../lib/gcc/microblaze-xilinx-elf/4.1.2/bs/m/libgcc.a(_umoddi3.o)
 .debug_pubnames
                0x00000fb7       0x2c /cygdrive/c/Xilinx/12.3/ISE_DS/EDK/gnu/microblaze/nt/bin/../lib/gcc/microblaze-xilinx-elf/4.1.2/bs/m/libgcc.a(_addsub_df.o)
 .debug_pubnames
                0x00000fe3       0x1f /cygdrive/c/Xilinx/12.3/ISE_DS/EDK/gnu/microblaze/nt/bin/../lib/gcc/microblaze-xilinx-elf/4.1.2/bs/m/libgcc.a(_mul_df.o)
 .debug_pubnames
                0x00001002       0x1f /cygdrive/c/Xilinx/12.3/ISE_DS/EDK/gnu/microblaze/nt/bin/../lib/gcc/microblaze-xilinx-elf/4.1.2/bs/m/libgcc.a(_div_df.o)
 .debug_pubnames